#
# There is insufficient memory for the Java Runtime Environment to continue.
# Native memory allocation (malloc) failed to allocate 1015536 bytes for Chunk::new
# Possible reasons:
#   The system is out of physical RAM or swap space
#   The process is running with CompressedOops enabled, and the Java Heap may be blocking the growth of the native heap
# Possible solutions:
#   Reduce memory load on the system
#   Increase physical memory or swap space
#   Check if swap backing store is full
#   Decrease Java heap size (-Xmx/-Xms)
#   Decrease number of Java threads
#   Decrease Java thread stack sizes (-Xss)
#   Set larger code cache with -XX:ReservedCodeCacheSize=
#   JVM is running with Zero Based Compressed Oops mode in which the Java heap is
#     placed in the first 32GB address space. The Java Heap base address is the
#     maximum limit for the native heap growth. Please use -XX:HeapBaseMinAddress
#     to set the Java Heap base and to place the Java Heap above 32GB virtual address.
# This output file may be truncated or incomplete.
#
#  Out of Memory Error (arena.cpp:189), pid=24464, tid=28432
#
# JRE version: Java(TM) SE Runtime Environment (17.0.12+8) (build 17.0.12+8-LTS-286)
# Java VM: Java HotSpot(TM) 64-Bit Server VM (17.0.12+8-LTS-286, mixed mode, sharing, tiered, compressed oops, compressed class ptrs, g1 gc, windows-amd64)
# No core dump will be written. Minidumps are not enabled by default on client versions of Windows
#

---------------  S U M M A R Y ------------

Command Line: --add-opens=java.base/java.util=ALL-UNNAMED --add-opens=java.base/java.lang=ALL-UNNAMED --add-opens=java.base/java.lang.invoke=ALL-UNNAMED --add-opens=java.prefs/java.util.prefs=ALL-UNNAMED --add-opens=java.base/java.nio.charset=ALL-UNNAMED --add-opens=java.base/java.net=ALL-UNNAMED --add-opens=java.base/java.util.concurrent.atomic=ALL-UNNAMED -Xms512m -Xmx4096m -Dfile.encoding=UTF-8 -Duser.country=US -Duser.language=en -Duser.variant -javaagent:C:\Users\PC\.gradle\wrapper\dists\gradle-8.7-bin\bhs2wmbdwecv87pi65oeuq5iu\gradle-8.7\lib\agents\gradle-instrumentation-agent-8.7.jar org.gradle.launcher.daemon.bootstrap.GradleDaemon 8.7

Host: Intel(R) Core(TM) i5-8365U CPU @ 1.60GHz, 8 cores, 15G,  Windows 11 , 64 bit Build 26100 (10.0.26100.7920)
Time: Tue Apr 14 12:36:25 2026 India Standard Time elapsed time: 20.328701 seconds (0d 0h 0m 20s)

---------------  T H R E A D  ---------------

Current thread (0x000001b615098cb0):  JavaThread "C2 CompilerThread0" daemon [_thread_in_native, id=28432, stack(0x0000009bb3500000,0x0000009bb3600000)]


Current CompileTask:
C2:  20328 6897       4       org.gradle.internal.reflect.MethodSet::add (50 bytes)

Stack: [0x0000009bb3500000,0x0000009bb3600000]
Native frames: (J=compiled Java code, j=interpreted, Vv=VM code, C=native code)
V  [jvm.dll+0x67a04a]
V  [jvm.dll+0x7da4ed]
V  [jvm.dll+0x7dbe33]
V  [jvm.dll+0x7dc4a3]
V  [jvm.dll+0x24508f]
V  [jvm.dll+0xab773]
V  [jvm.dll+0xabd3c]
V  [jvm.dll+0x361bee]
V  [jvm.dll+0x32c431]
V  [jvm.dll+0x32b8ca]
V  [jvm.dll+0x21683f]
V  [jvm.dll+0x215c6f]
V  [jvm.dll+0x1a2960]
V  [jvm.dll+0x22610b]
V  [jvm.dll+0x2242ab]
V  [jvm.dll+0x79075c]
V  [jvm.dll+0x78abea]
V  [jvm.dll+0x678f35]
C  [ucrtbase.dll+0x37b0]
C  [KERNEL32.DLL+0x2e8d7]
C  [ntdll.dll+0x8c48c]


---------------  P R O C E S S  ---------------

Threads class SMR info:
_java_thread_list=0x000001b615bfce60, length=67, elements={
0x000001b5b0ec1950, 0x000001b5d3d350b0, 0x000001b5d3d36c80, 0x000001b615092da0,
0x000001b615093960, 0x000001b615094520, 0x000001b615096ff0, 0x000001b615098cb0,
0x000001b61509b680, 0x000001b6150ac740, 0x000001b5d3d21460, 0x000001b61530a250,
0x000001b61b367e60, 0x000001b61bde0480, 0x000001b61aa22bc0, 0x000001b61a8c1850,
0x000001b61b566fa0, 0x000001b61afb1760, 0x000001b61afb0830, 0x000001b61afb1c70,
0x000001b61afaf900, 0x000001b61afb1250, 0x000001b61afb2180, 0x000001b61afb30b0,
0x000001b61afb0320, 0x000001b61afafe10, 0x000001b61afb2690, 0x000001b61afb2ba0,
0x000001b61baa14f0, 0x000001b61baa2930, 0x000001b61baa3d70, 0x000001b61baa1a00,
0x000001b61baa3350, 0x000001b61baa3860, 0x000001b61baa4280, 0x000001b61baa1f10,
0x000001b61baa2420, 0x000001b61baa2e40, 0x000001b61baa0ad0, 0x000001b61baa4790,
0x000001b61baa7010, 0x000001b61baa51b0, 0x000001b61baa5bd0, 0x000001b61baa7a30,
0x000001b61baa7520, 0x000001b61baa60e0, 0x000001b61baa8450, 0x000001b61baa7f40,
0x000001b61baa4ca0, 0x000001b61baa56c0, 0x000001b61baa65f0, 0x000001b61baa6b00,
0x000001b61e37aa40, 0x000001b61e37a020, 0x000001b61e377cb0, 0x000001b61e3781c0,
0x000001b61e37a530, 0x000001b61e378be0, 0x000001b61e3790f0, 0x000001b61e379600,
0x000001b61e377290, 0x000001b61e37af50, 0x000001b61e3777a0, 0x000001b61e37b460,
0x000001b61e37b970, 0x000001b61e37be80, 0x000001b61df01db0
}

Java Threads: ( => current thread )
  0x000001b5b0ec1950 JavaThread "main" [_thread_blocked, id=17468, stack(0x0000009bb2800000,0x0000009bb2900000)]
  0x000001b5d3d350b0 JavaThread "Reference Handler" daemon [_thread_blocked, id=9088, stack(0x0000009bb2f00000,0x0000009bb3000000)]
  0x000001b5d3d36c80 JavaThread "Finalizer" daemon [_thread_blocked, id=24896, stack(0x0000009bb3000000,0x0000009bb3100000)]
  0x000001b615092da0 JavaThread "Signal Dispatcher" daemon [_thread_blocked, id=15456, stack(0x0000009bb3100000,0x0000009bb3200000)]
  0x000001b615093960 JavaThread "Attach Listener" daemon [_thread_blocked, id=13504, stack(0x0000009bb3200000,0x0000009bb3300000)]
  0x000001b615094520 JavaThread "Service Thread" daemon [_thread_blocked, id=9468, stack(0x0000009bb3300000,0x0000009bb3400000)]
  0x000001b615096ff0 JavaThread "Monitor Deflation Thread" daemon [_thread_blocked, id=13228, stack(0x0000009bb3400000,0x0000009bb3500000)]
=>0x000001b615098cb0 JavaThread "C2 CompilerThread0" daemon [_thread_in_native, id=28432, stack(0x0000009bb3500000,0x0000009bb3600000)]
  0x000001b61509b680 JavaThread "C1 CompilerThread0" daemon [_thread_blocked, id=20044, stack(0x0000009bb3600000,0x0000009bb3700000)]
  0x000001b6150ac740 JavaThread "Sweeper thread" daemon [_thread_blocked, id=20616, stack(0x0000009bb3700000,0x0000009bb3800000)]
  0x000001b5d3d21460 JavaThread "Common-Cleaner" daemon [_thread_blocked, id=29192, stack(0x0000009bb3800000,0x0000009bb3900000)]
  0x000001b61530a250 JavaThread "Notification Thread" daemon [_thread_blocked, id=22100, stack(0x0000009bb3a00000,0x0000009bb3b00000)]
  0x000001b61b367e60 JavaThread "Daemon health stats" [_thread_blocked, id=15012, stack(0x0000009bb4400000,0x0000009bb4500000)]
  0x000001b61bde0480 JavaThread "Incoming local TCP Connector on port 51496" [_thread_in_native, id=14196, stack(0x0000009bb4300000,0x0000009bb4400000)]
  0x000001b61aa22bc0 JavaThread "Daemon periodic checks" [_thread_blocked, id=16616, stack(0x0000009bb4500000,0x0000009bb4600000)]
  0x000001b61a8c1850 JavaThread "Daemon" [_thread_blocked, id=18308, stack(0x0000009bb4600000,0x0000009bb4700000)]
  0x000001b61b566fa0 JavaThread "Handler for socket connection from /127.0.0.1:51496 to /127.0.0.1:51497" [_thread_in_native, id=13420, stack(0x0000009bb4700000,0x0000009bb4800000)]
  0x000001b61afb1760 JavaThread "Cancel handler" [_thread_blocked, id=4712, stack(0x0000009bb4800000,0x0000009bb4900000)]
  0x000001b61afb0830 JavaThread "Daemon worker" [_thread_in_Java, id=6672, stack(0x0000009bb4900000,0x0000009bb4a00000)]
  0x000001b61afb1c70 JavaThread "Asynchronous log dispatcher for DefaultDaemonConnection: socket connection from /127.0.0.1:51496 to /127.0.0.1:51497" [_thread_blocked, id=11188, stack(0x0000009bb4a00000,0x0000009bb4b00000)]
  0x000001b61afaf900 JavaThread "Stdin handler" [_thread_blocked, id=11884, stack(0x0000009bb4b00000,0x0000009bb4c00000)]
  0x000001b61afb1250 JavaThread "Daemon client event forwarder" [_thread_blocked, id=14376, stack(0x0000009bb4c00000,0x0000009bb4d00000)]
  0x000001b61afb2180 JavaThread "Cache worker for journal cache (C:\Users\PC\.gradle\caches\journal-1)" [_thread_blocked, id=20288, stack(0x0000009bb3900000,0x0000009bb3a00000)]
  0x000001b61afb30b0 JavaThread "File lock request listener" [_thread_in_native, id=15540, stack(0x0000009bb4d00000,0x0000009bb4e00000)]
  0x000001b61afb0320 JavaThread "Cache worker for file hash cache (C:\Users\PC\.gradle\caches\8.7\fileHashes)" [_thread_blocked, id=26132, stack(0x0000009bb4e00000,0x0000009bb4f00000)]
  0x000001b61afafe10 JavaThread "Cache worker for file hash cache (D:\Testing engineer\testing-automation\.gradle\8.7\fileHashes)" [_thread_blocked, id=17104, stack(0x0000009bb5000000,0x0000009bb5100000)]
  0x000001b61afb2690 JavaThread "File watcher server" daemon [_thread_in_native, id=2200, stack(0x0000009bb5200000,0x0000009bb5300000)]
  0x000001b61afb2ba0 JavaThread "File watcher consumer" daemon [_thread_blocked, id=18704, stack(0x0000009bb5300000,0x0000009bb5400000)]
  0x000001b61baa14f0 JavaThread "jar transforms" [_thread_blocked, id=20124, stack(0x0000009bb5500000,0x0000009bb5600000)]
  0x000001b61baa2930 JavaThread "jar transforms Thread 2" [_thread_blocked, id=25272, stack(0x0000009bb5600000,0x0000009bb5700000)]
  0x000001b61baa3d70 JavaThread "jar transforms Thread 3" [_thread_blocked, id=8016, stack(0x0000009bb5700000,0x0000009bb5800000)]
  0x000001b61baa1a00 JavaThread "jar transforms Thread 4" [_thread_blocked, id=25820, stack(0x0000009bb5800000,0x0000009bb5900000)]
  0x000001b61baa3350 JavaThread "jar transforms Thread 5" [_thread_blocked, id=24700, stack(0x0000009bb5900000,0x0000009bb5a00000)]
  0x000001b61baa3860 JavaThread "jar transforms Thread 6" [_thread_blocked, id=12792, stack(0x0000009bb5a00000,0x0000009bb5b00000)]
  0x000001b61baa4280 JavaThread "jar transforms Thread 7" [_thread_blocked, id=8680, stack(0x0000009bb5b00000,0x0000009bb5c00000)]
  0x000001b61baa1f10 JavaThread "jar transforms Thread 8" [_thread_blocked, id=13540, stack(0x0000009bb5c00000,0x0000009bb5d00000)]
  0x000001b61baa2420 JavaThread "Cache worker for checksums cache (D:\Testing engineer\testing-automation\.gradle\8.7\checksums)" [_thread_blocked, id=20600, stack(0x0000009bb5100000,0x0000009bb5200000)]
  0x000001b61baa2e40 JavaThread "Cache worker for cache directory md-supplier (C:\Users\PC\.gradle\caches\8.7\md-supplier)" [_thread_blocked, id=5588, stack(0x0000009bb5d00000,0x0000009bb5e00000)]
  0x000001b61baa0ad0 JavaThread "Cache worker for cache directory md-rule (C:\Users\PC\.gradle\caches\8.7\md-rule)" [_thread_blocked, id=14724, stack(0x0000009bb5e00000,0x0000009bb5f00000)]
  0x000001b61baa4790 JavaThread "Cache worker for file content cache (C:\Users\PC\.gradle\caches\8.7\fileContent)" [_thread_blocked, id=21960, stack(0x0000009bb5f00000,0x0000009bb6000000)]
  0x000001b61baa7010 JavaThread "Unconstrained build operations" [_thread_blocked, id=29636, stack(0x0000009bb6100000,0x0000009bb6200000)]
  0x000001b61baa51b0 JavaThread "Unconstrained build operations Thread 2" [_thread_blocked, id=27860, stack(0x0000009bb6200000,0x0000009bb6300000)]
  0x000001b61baa5bd0 JavaThread "Unconstrained build operations Thread 3" [_thread_blocked, id=23528, stack(0x0000009bb6300000,0x0000009bb6400000)]
  0x000001b61baa7a30 JavaThread "Unconstrained build operations Thread 4" [_thread_blocked, id=24232, stack(0x0000009bb6400000,0x0000009bb6500000)]
  0x000001b61baa7520 JavaThread "Unconstrained build operations Thread 5" [_thread_blocked, id=26256, stack(0x0000009bb6500000,0x0000009bb6600000)]
  0x000001b61baa60e0 JavaThread "Unconstrained build operations Thread 6" [_thread_blocked, id=12236, stack(0x0000009bb6600000,0x0000009bb6700000)]
  0x000001b61baa8450 JavaThread "Unconstrained build operations Thread 7" [_thread_blocked, id=11824, stack(0x0000009bb6700000,0x0000009bb6800000)]
  0x000001b61baa7f40 JavaThread "Unconstrained build operations Thread 8" [_thread_blocked, id=28012, stack(0x0000009bb6800000,0x0000009bb6900000)]
  0x000001b61baa4ca0 JavaThread "Unconstrained build operations Thread 9" [_thread_blocked, id=13680, stack(0x0000009bb6900000,0x0000009bb6a00000)]
  0x000001b61baa56c0 JavaThread "Unconstrained build operations Thread 10" [_thread_blocked, id=9928, stack(0x0000009bb6a00000,0x0000009bb6b00000)]
  0x000001b61baa65f0 JavaThread "Unconstrained build operations Thread 11" [_thread_blocked, id=4324, stack(0x0000009bb6b00000,0x0000009bb6c00000)]
  0x000001b61baa6b00 JavaThread "Cache worker for Build Output Cleanup Cache (D:\Testing engineer\testing-automation\.gradle\buildOutputCleanup)" [_thread_blocked, id=26404, stack(0x0000009bb6c00000,0x0000009bb6d00000)]
  0x000001b61e37aa40 JavaThread "Unconstrained build operations Thread 12" [_thread_blocked, id=18700, stack(0x0000009bb6000000,0x0000009bb6100000)]
  0x000001b61e37a020 JavaThread "Unconstrained build operations Thread 13" [_thread_blocked, id=18496, stack(0x0000009bb6e00000,0x0000009bb6f00000)]
  0x000001b61e377cb0 JavaThread "Unconstrained build operations Thread 14" [_thread_blocked, id=13780, stack(0x0000009bb6f00000,0x0000009bb7000000)]
  0x000001b61e3781c0 JavaThread "Unconstrained build operations Thread 15" [_thread_blocked, id=27400, stack(0x0000009bb7000000,0x0000009bb7100000)]
  0x000001b61e37a530 JavaThread "Unconstrained build operations Thread 16" [_thread_blocked, id=26452, stack(0x0000009bb7100000,0x0000009bb7200000)]
  0x000001b61e378be0 JavaThread "Unconstrained build operations Thread 17" [_thread_blocked, id=25676, stack(0x0000009bb7200000,0x0000009bb7300000)]
  0x000001b61e3790f0 JavaThread "Unconstrained build operations Thread 18" [_thread_blocked, id=28476, stack(0x0000009bb7300000,0x0000009bb7400000)]
  0x000001b61e379600 JavaThread "Unconstrained build operations Thread 19" [_thread_blocked, id=23848, stack(0x0000009bb4f00000,0x0000009bb5000000)]
  0x000001b61e377290 JavaThread "Unconstrained build operations Thread 20" [_thread_blocked, id=9060, stack(0x0000009bb7400000,0x0000009bb7500000)]
  0x000001b61e37af50 JavaThread "Unconstrained build operations Thread 21" [_thread_blocked, id=25740, stack(0x0000009bb7500000,0x0000009bb7600000)]
  0x000001b61e3777a0 JavaThread "Unconstrained build operations Thread 22" [_thread_blocked, id=4852, stack(0x0000009bb7600000,0x0000009bb7700000)]
  0x000001b61e37b460 JavaThread "Unconstrained build operations Thread 23" [_thread_blocked, id=26064, stack(0x0000009bb7700000,0x0000009bb7800000)]
  0x000001b61e37b970 JavaThread "Unconstrained build operations Thread 24" [_thread_blocked, id=11792, stack(0x0000009bb7800000,0x0000009bb7900000)]
  0x000001b61e37be80 JavaThread "Unconstrained build operations Thread 25" [_thread_blocked, id=21760, stack(0x0000009bb7900000,0x0000009bb7a00000)]
  0x000001b61df01db0 JavaThread "C2 CompilerThread1" daemon [_thread_in_native, id=1172, stack(0x0000009bb7a00000,0x0000009bb7b00000)]

Other Threads:
  0x000001b5d3d2d1b0 VMThread "VM Thread" [stack: 0x0000009bb2e00000,0x0000009bb2f00000] [id=2044]
  0x000001b5b0f5e5d0 WatcherThread [stack: 0x0000009bb3b00000,0x0000009bb3c00000] [id=29644]
  0x000001b5b0f2e0c0 GCTaskThread "GC Thread#0" [stack: 0x0000009bb2900000,0x0000009bb2a00000] [id=16844]
  0x000001b61a0b9170 GCTaskThread "GC Thread#1" [stack: 0x0000009bb3c00000,0x0000009bb3d00000] [id=14536]
  0x000001b61a0b36c0 GCTaskThread "GC Thread#2" [stack: 0x0000009bb3d00000,0x0000009bb3e00000] [id=22112]
  0x000001b61a0b3980 GCTaskThread "GC Thread#3" [stack: 0x0000009bb3e00000,0x0000009bb3f00000] [id=9808]
  0x000001b61a043eb0 GCTaskThread "GC Thread#4" [stack: 0x0000009bb3f00000,0x0000009bb4000000] [id=23468]
  0x000001b61a0934b0 GCTaskThread "GC Thread#5" [stack: 0x0000009bb4000000,0x0000009bb4100000] [id=19616]
  0x000001b61a093770 GCTaskThread "GC Thread#6" [stack: 0x0000009bb4100000,0x0000009bb4200000] [id=6096]
  0x000001b61a113fd0 GCTaskThread "GC Thread#7" [stack: 0x0000009bb4200000,0x0000009bb4300000] [id=19816]
  0x000001b5b0f40020 ConcurrentGCThread "G1 Main Marker" [stack: 0x0000009bb2a00000,0x0000009bb2b00000] [id=17432]
  0x000001b5b0f41a40 ConcurrentGCThread "G1 Conc#0" [stack: 0x0000009bb2b00000,0x0000009bb2c00000] [id=12276]
  0x000001b61c150bf0 ConcurrentGCThread "G1 Conc#1" [stack: 0x0000009bb5400000,0x0000009bb5500000] [id=5916]
  0x000001b5b0f8e6c0 ConcurrentGCThread "G1 Refine#0" [stack: 0x0000009bb2c00000,0x0000009bb2d00000] [id=4304]
  0x000001b5d3c6d1e0 ConcurrentGCThread "G1 Service" [stack: 0x0000009bb2d00000,0x0000009bb2e00000] [id=5280]

Threads with active compile tasks:
C2 CompilerThread0    20375 6897       4       org.gradle.internal.reflect.MethodSet::add (50 bytes)
C2 CompilerThread1    20375 6924       4       org.objectweb.asm.SymbolTable::addConstantMemberReference (147 bytes)

VM state: not at safepoint (normal execution)

VM Mutex/Monitor currently owned by a thread: None

Heap address: 0x0000000700000000, size: 4096 MB, Compressed Oops mode: Zero based, Oop shift amount: 3

CDS archive(s) mapped at: [0x000001b5d4000000-0x000001b5d4bd0000-0x000001b5d4bd0000), size 12386304, SharedBaseAddress: 0x000001b5d4000000, ArchiveRelocationMode: 1.
Compressed class space mapped at: 0x000001b5d5000000-0x000001b615000000, reserved size: 1073741824
Narrow klass base: 0x000001b5d4000000, Narrow klass shift: 0, Narrow klass range: 0x100000000

GC Precious Log:
 CPUs: 8 total, 8 available
 Memory: 16194M
 Large Page Support: Disabled
 NUMA Support: Disabled
 Compressed Oops: Enabled (Zero based)
 Heap Region Size: 2M
 Heap Min Capacity: 512M
 Heap Initial Capacity: 512M
 Heap Max Capacity: 4G
 Pre-touch: Disabled
 Parallel Workers: 8
 Concurrent Workers: 2
 Concurrent Refinement Workers: 8
 Periodic GC: Disabled

Heap:
 garbage-first heap   total 524288K, used 312966K [0x0000000700000000, 0x0000000800000000)
  region size 2048K, 131 young (268288K), 13 survivors (26624K)
 Metaspace       used 59091K, committed 59648K, reserved 1114112K
  class space    used 8248K, committed 8512K, reserved 1048576K

Heap Regions: E=young(eden), S=young(survivor), O=old, HS=humongous(starts), HC=humongous(continues), CS=collection set, F=free, OA=open archive, CA=closed archive, TAMS=top-at-mark-start (previous, next)
|   0|0x0000000700000000, 0x0000000700200000, 0x0000000700200000|100%|HS|  |TAMS 0x0000000700200000, 0x0000000700000000| Complete 
|   1|0x0000000700200000, 0x0000000700400000, 0x0000000700400000|100%|HC|  |TAMS 0x0000000700400000, 0x0000000700200000| Complete 
|   2|0x0000000700400000, 0x0000000700600000, 0x0000000700600000|100%| O|  |TAMS 0x0000000700600000, 0x0000000700400000| Untracked 
|   3|0x0000000700600000, 0x0000000700800000, 0x0000000700800000|100%| O|  |TAMS 0x0000000700800000, 0x0000000700600000| Untracked 
|   4|0x0000000700800000, 0x0000000700a00000, 0x0000000700a00000|100%| O|  |TAMS 0x0000000700a00000, 0x0000000700800000| Untracked 
|   5|0x0000000700a00000, 0x0000000700a30c00, 0x0000000700c00000|  9%| O|  |TAMS 0x0000000700a30c00, 0x0000000700a00000| Untracked 
|   6|0x0000000700c00000, 0x0000000700e00000, 0x0000000700e00000|100%|HS|  |TAMS 0x0000000700e00000, 0x0000000700c00000| Complete 
|   7|0x0000000700e00000, 0x0000000701000000, 0x0000000701000000|100%|HC|  |TAMS 0x0000000701000000, 0x0000000700e00000| Complete 
|   8|0x0000000701000000, 0x0000000701200000, 0x0000000701200000|100%|HC|  |TAMS 0x0000000701200000, 0x0000000701000000| Complete 
|   9|0x0000000701200000, 0x0000000701400000, 0x0000000701400000|100%|HS|  |TAMS 0x0000000701400000, 0x0000000701200000| Complete 
|  10|0x0000000701400000, 0x0000000701600000, 0x0000000701600000|100%|HS|  |TAMS 0x0000000701600000, 0x0000000701400000| Complete 
|  11|0x0000000701600000, 0x0000000701800000, 0x0000000701800000|100%|HC|  |TAMS 0x0000000701800000, 0x0000000701600000| Complete 
|  12|0x0000000701800000, 0x0000000701a00000, 0x0000000701a00000|100%|HS|  |TAMS 0x0000000701a00000, 0x0000000701800000| Complete 
|  13|0x0000000701a00000, 0x0000000701c00000, 0x0000000701c00000|100%|HC|  |TAMS 0x0000000701c00000, 0x0000000701a00000| Complete 
|  14|0x0000000701c00000, 0x0000000701e00000, 0x0000000701e00000|100%|HC|  |TAMS 0x0000000701e00000, 0x0000000701c00000| Complete 
|  15|0x0000000701e00000, 0x0000000702000000, 0x0000000702000000|100%|HS|  |TAMS 0x0000000702000000, 0x0000000701e00000| Complete 
|  16|0x0000000702000000, 0x0000000702200000, 0x0000000702200000|100%|HS|  |TAMS 0x0000000702200000, 0x0000000702000000| Complete 
|  17|0x0000000702200000, 0x0000000702400000, 0x0000000702400000|100%|HC|  |TAMS 0x0000000702400000, 0x0000000702200000| Complete 
|  18|0x0000000702400000, 0x0000000702600000, 0x0000000702600000|100%|HS|  |TAMS 0x0000000702400000, 0x0000000702400000| Complete 
|  19|0x0000000702600000, 0x0000000702800000, 0x0000000702800000|100%|HS|  |TAMS 0x0000000702600000, 0x0000000702600000| Complete 
|  20|0x0000000702800000, 0x0000000702a00000, 0x0000000702a00000|100%|HC|  |TAMS 0x0000000702800000, 0x0000000702800000| Complete 
|  21|0x0000000702a00000, 0x0000000702c00000, 0x0000000702c00000|100%|HC|  |TAMS 0x0000000702a00000, 0x0000000702a00000| Complete 
|  22|0x0000000702c00000, 0x0000000702e00000, 0x0000000702e00000|100%|HS|  |TAMS 0x0000000702c00000, 0x0000000702c00000| Complete 
|  23|0x0000000702e00000, 0x0000000703000000, 0x0000000703000000|100%|HC|  |TAMS 0x0000000702e00000, 0x0000000702e00000| Complete 
|  24|0x0000000703000000, 0x0000000703200000, 0x0000000703200000|100%|HC|  |TAMS 0x0000000703000000, 0x0000000703000000| Complete 
|  25|0x0000000703200000, 0x0000000703200000, 0x0000000703400000|  0%| F|  |TAMS 0x0000000703200000, 0x0000000703200000| Untracked 
|  26|0x0000000703400000, 0x0000000703400000, 0x0000000703600000|  0%| F|  |TAMS 0x0000000703400000, 0x0000000703400000| Untracked 
|  27|0x0000000703600000, 0x0000000703600000, 0x0000000703800000|  0%| F|  |TAMS 0x0000000703600000, 0x0000000703600000| Untracked 
|  28|0x0000000703800000, 0x0000000703800000, 0x0000000703a00000|  0%| F|  |TAMS 0x0000000703800000, 0x0000000703800000| Untracked 
|  29|0x0000000703a00000, 0x0000000703a00000, 0x0000000703c00000|  0%| F|  |TAMS 0x0000000703a00000, 0x0000000703a00000| Untracked 
|  30|0x0000000703c00000, 0x0000000703c00000, 0x0000000703e00000|  0%| F|  |TAMS 0x0000000703c00000, 0x0000000703c00000| Untracked 
|  31|0x0000000703e00000, 0x0000000703e00000, 0x0000000704000000|  0%| F|  |TAMS 0x0000000703e00000, 0x0000000703e00000| Untracked 
|  32|0x0000000704000000, 0x0000000704000000, 0x0000000704200000|  0%| F|  |TAMS 0x0000000704000000, 0x0000000704000000| Untracked 
|  33|0x0000000704200000, 0x0000000704200000, 0x0000000704400000|  0%| F|  |TAMS 0x0000000704200000, 0x0000000704200000| Untracked 
|  34|0x0000000704400000, 0x0000000704400000, 0x0000000704600000|  0%| F|  |TAMS 0x0000000704400000, 0x0000000704400000| Untracked 
|  35|0x0000000704600000, 0x0000000704600000, 0x0000000704800000|  0%| F|  |TAMS 0x0000000704600000, 0x0000000704600000| Untracked 
|  36|0x0000000704800000, 0x0000000704800000, 0x0000000704a00000|  0%| F|  |TAMS 0x0000000704800000, 0x0000000704800000| Untracked 
|  37|0x0000000704a00000, 0x0000000704a00000, 0x0000000704c00000|  0%| F|  |TAMS 0x0000000704a00000, 0x0000000704a00000| Untracked 
|  38|0x0000000704c00000, 0x0000000704c00000, 0x0000000704e00000|  0%| F|  |TAMS 0x0000000704c00000, 0x0000000704c00000| Untracked 
|  39|0x0000000704e00000, 0x0000000704e00000, 0x0000000705000000|  0%| F|  |TAMS 0x0000000704e00000, 0x0000000704e00000| Untracked 
|  40|0x0000000705000000, 0x0000000705000000, 0x0000000705200000|  0%| F|  |TAMS 0x0000000705000000, 0x0000000705000000| Untracked 
|  41|0x0000000705200000, 0x0000000705200000, 0x0000000705400000|  0%| F|  |TAMS 0x0000000705200000, 0x0000000705200000| Untracked 
|  42|0x0000000705400000, 0x0000000705400000, 0x0000000705600000|  0%| F|  |TAMS 0x0000000705400000, 0x0000000705400000| Untracked 
|  43|0x0000000705600000, 0x0000000705600000, 0x0000000705800000|  0%| F|  |TAMS 0x0000000705600000, 0x0000000705600000| Untracked 
|  44|0x0000000705800000, 0x0000000705800000, 0x0000000705a00000|  0%| F|  |TAMS 0x0000000705800000, 0x0000000705800000| Untracked 
|  45|0x0000000705a00000, 0x0000000705a00000, 0x0000000705c00000|  0%| F|  |TAMS 0x0000000705a00000, 0x0000000705a00000| Untracked 
|  46|0x0000000705c00000, 0x0000000705c00000, 0x0000000705e00000|  0%| F|  |TAMS 0x0000000705c00000, 0x0000000705c00000| Untracked 
|  47|0x0000000705e00000, 0x0000000705e00000, 0x0000000706000000|  0%| F|  |TAMS 0x0000000705e00000, 0x0000000705e00000| Untracked 
|  48|0x0000000706000000, 0x0000000706000000, 0x0000000706200000|  0%| F|  |TAMS 0x0000000706000000, 0x0000000706000000| Untracked 
|  49|0x0000000706200000, 0x0000000706200000, 0x0000000706400000|  0%| F|  |TAMS 0x0000000706200000, 0x0000000706200000| Untracked 
|  50|0x0000000706400000, 0x0000000706400000, 0x0000000706600000|  0%| F|  |TAMS 0x0000000706400000, 0x0000000706400000| Untracked 
|  51|0x0000000706600000, 0x0000000706600000, 0x0000000706800000|  0%| F|  |TAMS 0x0000000706600000, 0x0000000706600000| Untracked 
|  52|0x0000000706800000, 0x0000000706800000, 0x0000000706a00000|  0%| F|  |TAMS 0x0000000706800000, 0x0000000706800000| Untracked 
|  53|0x0000000706a00000, 0x0000000706a00000, 0x0000000706c00000|  0%| F|  |TAMS 0x0000000706a00000, 0x0000000706a00000| Untracked 
|  54|0x0000000706c00000, 0x0000000706c00000, 0x0000000706e00000|  0%| F|  |TAMS 0x0000000706c00000, 0x0000000706c00000| Untracked 
|  55|0x0000000706e00000, 0x0000000706e00000, 0x0000000707000000|  0%| F|  |TAMS 0x0000000706e00000, 0x0000000706e00000| Untracked 
|  56|0x0000000707000000, 0x0000000707000000, 0x0000000707200000|  0%| F|  |TAMS 0x0000000707000000, 0x0000000707000000| Untracked 
|  57|0x0000000707200000, 0x0000000707200000, 0x0000000707400000|  0%| F|  |TAMS 0x0000000707200000, 0x0000000707200000| Untracked 
|  58|0x0000000707400000, 0x0000000707400000, 0x0000000707600000|  0%| F|  |TAMS 0x0000000707400000, 0x0000000707400000| Untracked 
|  59|0x0000000707600000, 0x0000000707600000, 0x0000000707800000|  0%| F|  |TAMS 0x0000000707600000, 0x0000000707600000| Untracked 
|  60|0x0000000707800000, 0x0000000707800000, 0x0000000707a00000|  0%| F|  |TAMS 0x0000000707800000, 0x0000000707800000| Untracked 
|  61|0x0000000707a00000, 0x0000000707a00000, 0x0000000707c00000|  0%| F|  |TAMS 0x0000000707a00000, 0x0000000707a00000| Untracked 
|  62|0x0000000707c00000, 0x0000000707c00000, 0x0000000707e00000|  0%| F|  |TAMS 0x0000000707c00000, 0x0000000707c00000| Untracked 
|  63|0x0000000707e00000, 0x0000000707e00000, 0x0000000708000000|  0%| F|  |TAMS 0x0000000707e00000, 0x0000000707e00000| Untracked 
|  64|0x0000000708000000, 0x0000000708000000, 0x0000000708200000|  0%| F|  |TAMS 0x0000000708000000, 0x0000000708000000| Untracked 
|  65|0x0000000708200000, 0x0000000708200000, 0x0000000708400000|  0%| F|  |TAMS 0x0000000708200000, 0x0000000708200000| Untracked 
|  66|0x0000000708400000, 0x0000000708400000, 0x0000000708600000|  0%| F|  |TAMS 0x0000000708400000, 0x0000000708400000| Untracked 
|  67|0x0000000708600000, 0x0000000708600000, 0x0000000708800000|  0%| F|  |TAMS 0x0000000708600000, 0x0000000708600000| Untracked 
|  68|0x0000000708800000, 0x0000000708800000, 0x0000000708a00000|  0%| F|  |TAMS 0x0000000708800000, 0x0000000708800000| Untracked 
|  69|0x0000000708a00000, 0x0000000708a00000, 0x0000000708c00000|  0%| F|  |TAMS 0x0000000708a00000, 0x0000000708a00000| Untracked 
|  70|0x0000000708c00000, 0x0000000708c00000, 0x0000000708e00000|  0%| F|  |TAMS 0x0000000708c00000, 0x0000000708c00000| Untracked 
|  71|0x0000000708e00000, 0x0000000708e00000, 0x0000000709000000|  0%| F|  |TAMS 0x0000000708e00000, 0x0000000708e00000| Untracked 
|  72|0x0000000709000000, 0x0000000709000000, 0x0000000709200000|  0%| F|  |TAMS 0x0000000709000000, 0x0000000709000000| Untracked 
|  73|0x0000000709200000, 0x0000000709200000, 0x0000000709400000|  0%| F|  |TAMS 0x0000000709200000, 0x0000000709200000| Untracked 
|  74|0x0000000709400000, 0x0000000709400000, 0x0000000709600000|  0%| F|  |TAMS 0x0000000709400000, 0x0000000709400000| Untracked 
|  75|0x0000000709600000, 0x0000000709600000, 0x0000000709800000|  0%| F|  |TAMS 0x0000000709600000, 0x0000000709600000| Untracked 
|  76|0x0000000709800000, 0x0000000709800000, 0x0000000709a00000|  0%| F|  |TAMS 0x0000000709800000, 0x0000000709800000| Untracked 
|  77|0x0000000709a00000, 0x0000000709a00000, 0x0000000709c00000|  0%| F|  |TAMS 0x0000000709a00000, 0x0000000709a00000| Untracked 
|  78|0x0000000709c00000, 0x0000000709c00000, 0x0000000709e00000|  0%| F|  |TAMS 0x0000000709c00000, 0x0000000709c00000| Untracked 
|  79|0x0000000709e00000, 0x0000000709e00000, 0x000000070a000000|  0%| F|  |TAMS 0x0000000709e00000, 0x0000000709e00000| Untracked 
|  80|0x000000070a000000, 0x000000070a000000, 0x000000070a200000|  0%| F|  |TAMS 0x000000070a000000, 0x000000070a000000| Untracked 
|  81|0x000000070a200000, 0x000000070a200000, 0x000000070a400000|  0%| F|  |TAMS 0x000000070a200000, 0x000000070a200000| Untracked 
|  82|0x000000070a400000, 0x000000070a400000, 0x000000070a600000|  0%| F|  |TAMS 0x000000070a400000, 0x000000070a400000| Untracked 
|  83|0x000000070a600000, 0x000000070a600000, 0x000000070a800000|  0%| F|  |TAMS 0x000000070a600000, 0x000000070a600000| Untracked 
|  84|0x000000070a800000, 0x000000070a800000, 0x000000070aa00000|  0%| F|  |TAMS 0x000000070a800000, 0x000000070a800000| Untracked 
|  85|0x000000070aa00000, 0x000000070aa00000, 0x000000070ac00000|  0%| F|  |TAMS 0x000000070aa00000, 0x000000070aa00000| Untracked 
|  86|0x000000070ac00000, 0x000000070ac00000, 0x000000070ae00000|  0%| F|  |TAMS 0x000000070ac00000, 0x000000070ac00000| Untracked 
|  87|0x000000070ae00000, 0x000000070ae00000, 0x000000070b000000|  0%| F|  |TAMS 0x000000070ae00000, 0x000000070ae00000| Untracked 
|  88|0x000000070b000000, 0x000000070b000000, 0x000000070b200000|  0%| F|  |TAMS 0x000000070b000000, 0x000000070b000000| Untracked 
|  89|0x000000070b200000, 0x000000070b200000, 0x000000070b400000|  0%| F|  |TAMS 0x000000070b200000, 0x000000070b200000| Untracked 
|  90|0x000000070b400000, 0x000000070b400000, 0x000000070b600000|  0%| F|  |TAMS 0x000000070b400000, 0x000000070b400000| Untracked 
|  91|0x000000070b600000, 0x000000070b600000, 0x000000070b800000|  0%| F|  |TAMS 0x000000070b600000, 0x000000070b600000| Untracked 
|  92|0x000000070b800000, 0x000000070b800000, 0x000000070ba00000|  0%| F|  |TAMS 0x000000070b800000, 0x000000070b800000| Untracked 
|  93|0x000000070ba00000, 0x000000070ba00000, 0x000000070bc00000|  0%| F|  |TAMS 0x000000070ba00000, 0x000000070ba00000| Untracked 
|  94|0x000000070bc00000, 0x000000070bc00000, 0x000000070be00000|  0%| F|  |TAMS 0x000000070bc00000, 0x000000070bc00000| Untracked 
|  95|0x000000070be00000, 0x000000070be00000, 0x000000070c000000|  0%| F|  |TAMS 0x000000070be00000, 0x000000070be00000| Untracked 
|  96|0x000000070c000000, 0x000000070c000000, 0x000000070c200000|  0%| F|  |TAMS 0x000000070c000000, 0x000000070c000000| Untracked 
|  97|0x000000070c200000, 0x000000070c200000, 0x000000070c400000|  0%| F|  |TAMS 0x000000070c200000, 0x000000070c200000| Untracked 
|  98|0x000000070c400000, 0x000000070c400000, 0x000000070c600000|  0%| F|  |TAMS 0x000000070c400000, 0x000000070c400000| Untracked 
|  99|0x000000070c600000, 0x000000070c600000, 0x000000070c800000|  0%| F|  |TAMS 0x000000070c600000, 0x000000070c600000| Untracked 
| 100|0x000000070c800000, 0x000000070c800000, 0x000000070ca00000|  0%| F|  |TAMS 0x000000070c800000, 0x000000070c800000| Untracked 
| 101|0x000000070ca00000, 0x000000070ca00000, 0x000000070cc00000|  0%| F|  |TAMS 0x000000070ca00000, 0x000000070ca00000| Untracked 
| 102|0x000000070cc00000, 0x000000070cc00000, 0x000000070ce00000|  0%| F|  |TAMS 0x000000070cc00000, 0x000000070cc00000| Untracked 
| 103|0x000000070ce00000, 0x000000070ce00000, 0x000000070d000000|  0%| F|  |TAMS 0x000000070ce00000, 0x000000070ce00000| Untracked 
| 104|0x000000070d000000, 0x000000070d000000, 0x000000070d200000|  0%| F|  |TAMS 0x000000070d000000, 0x000000070d000000| Untracked 
| 105|0x000000070d200000, 0x000000070d200000, 0x000000070d400000|  0%| F|  |TAMS 0x000000070d200000, 0x000000070d200000| Untracked 
| 106|0x000000070d400000, 0x000000070d400000, 0x000000070d600000|  0%| F|  |TAMS 0x000000070d400000, 0x000000070d400000| Untracked 
| 107|0x000000070d600000, 0x000000070d600000, 0x000000070d800000|  0%| F|  |TAMS 0x000000070d600000, 0x000000070d600000| Untracked 
| 108|0x000000070d800000, 0x000000070d800000, 0x000000070da00000|  0%| F|  |TAMS 0x000000070d800000, 0x000000070d800000| Untracked 
| 109|0x000000070da00000, 0x000000070da00000, 0x000000070dc00000|  0%| F|  |TAMS 0x000000070da00000, 0x000000070da00000| Untracked 
| 110|0x000000070dc00000, 0x000000070dc00000, 0x000000070de00000|  0%| F|  |TAMS 0x000000070dc00000, 0x000000070dc00000| Untracked 
| 111|0x000000070de00000, 0x000000070de00000, 0x000000070e000000|  0%| F|  |TAMS 0x000000070de00000, 0x000000070de00000| Untracked 
| 112|0x000000070e000000, 0x000000070e000000, 0x000000070e200000|  0%| F|  |TAMS 0x000000070e000000, 0x000000070e000000| Untracked 
| 113|0x000000070e200000, 0x000000070e200000, 0x000000070e400000|  0%| F|  |TAMS 0x000000070e200000, 0x000000070e200000| Untracked 
| 114|0x000000070e400000, 0x000000070e400000, 0x000000070e600000|  0%| F|  |TAMS 0x000000070e400000, 0x000000070e400000| Untracked 
| 115|0x000000070e600000, 0x000000070e600000, 0x000000070e800000|  0%| F|  |TAMS 0x000000070e600000, 0x000000070e600000| Untracked 
| 116|0x000000070e800000, 0x000000070e800000, 0x000000070ea00000|  0%| F|  |TAMS 0x000000070e800000, 0x000000070e800000| Untracked 
| 117|0x000000070ea00000, 0x000000070ea00000, 0x000000070ec00000|  0%| F|  |TAMS 0x000000070ea00000, 0x000000070ea00000| Untracked 
| 118|0x000000070ec00000, 0x000000070ec00000, 0x000000070ee00000|  0%| F|  |TAMS 0x000000070ec00000, 0x000000070ec00000| Untracked 
| 119|0x000000070ee00000, 0x000000070ee00000, 0x000000070f000000|  0%| F|  |TAMS 0x000000070ee00000, 0x000000070ee00000| Untracked 
| 120|0x000000070f000000, 0x000000070f000000, 0x000000070f200000|  0%| F|  |TAMS 0x000000070f000000, 0x000000070f000000| Untracked 
| 121|0x000000070f200000, 0x000000070f200000, 0x000000070f400000|  0%| F|  |TAMS 0x000000070f200000, 0x000000070f200000| Untracked 
| 122|0x000000070f400000, 0x000000070f400000, 0x000000070f600000|  0%| F|  |TAMS 0x000000070f400000, 0x000000070f400000| Untracked 
| 123|0x000000070f600000, 0x000000070f600000, 0x000000070f800000|  0%| F|  |TAMS 0x000000070f600000, 0x000000070f600000| Untracked 
| 124|0x000000070f800000, 0x000000070f800000, 0x000000070fa00000|  0%| F|  |TAMS 0x000000070f800000, 0x000000070f800000| Untracked 
| 125|0x000000070fa00000, 0x000000070faae638, 0x000000070fc00000| 34%| E|  |TAMS 0x000000070fa00000, 0x000000070fa00000| Complete 
| 126|0x000000070fc00000, 0x000000070fe00000, 0x000000070fe00000|100%| E|CS|TAMS 0x000000070fc00000, 0x000000070fc00000| Complete 
| 127|0x000000070fe00000, 0x0000000710000000, 0x0000000710000000|100%| E|CS|TAMS 0x000000070fe00000, 0x000000070fe00000| Complete 
| 128|0x0000000710000000, 0x0000000710200000, 0x0000000710200000|100%| E|CS|TAMS 0x0000000710000000, 0x0000000710000000| Complete 
| 129|0x0000000710200000, 0x0000000710400000, 0x0000000710400000|100%| E|CS|TAMS 0x0000000710200000, 0x0000000710200000| Complete 
| 130|0x0000000710400000, 0x0000000710600000, 0x0000000710600000|100%| E|CS|TAMS 0x0000000710400000, 0x0000000710400000| Complete 
| 131|0x0000000710600000, 0x0000000710800000, 0x0000000710800000|100%| E|CS|TAMS 0x0000000710600000, 0x0000000710600000| Complete 
| 132|0x0000000710800000, 0x0000000710a00000, 0x0000000710a00000|100%| E|CS|TAMS 0x0000000710800000, 0x0000000710800000| Complete 
| 133|0x0000000710a00000, 0x0000000710c00000, 0x0000000710c00000|100%| E|CS|TAMS 0x0000000710a00000, 0x0000000710a00000| Complete 
| 134|0x0000000710c00000, 0x0000000710e00000, 0x0000000710e00000|100%| E|CS|TAMS 0x0000000710c00000, 0x0000000710c00000| Complete 
| 135|0x0000000710e00000, 0x0000000711000000, 0x0000000711000000|100%| E|CS|TAMS 0x0000000710e00000, 0x0000000710e00000| Complete 
| 136|0x0000000711000000, 0x0000000711200000, 0x0000000711200000|100%| E|CS|TAMS 0x0000000711000000, 0x0000000711000000| Complete 
| 137|0x0000000711200000, 0x0000000711400000, 0x0000000711400000|100%| E|CS|TAMS 0x0000000711200000, 0x0000000711200000| Complete 
| 138|0x0000000711400000, 0x0000000711600000, 0x0000000711600000|100%| E|CS|TAMS 0x0000000711400000, 0x0000000711400000| Complete 
| 139|0x0000000711600000, 0x0000000711800000, 0x0000000711800000|100%| E|CS|TAMS 0x0000000711600000, 0x0000000711600000| Complete 
| 140|0x0000000711800000, 0x0000000711a00000, 0x0000000711a00000|100%| E|CS|TAMS 0x0000000711800000, 0x0000000711800000| Complete 
| 141|0x0000000711a00000, 0x0000000711c00000, 0x0000000711c00000|100%| E|CS|TAMS 0x0000000711a00000, 0x0000000711a00000| Complete 
| 142|0x0000000711c00000, 0x0000000711e00000, 0x0000000711e00000|100%| E|CS|TAMS 0x0000000711c00000, 0x0000000711c00000| Complete 
| 143|0x0000000711e00000, 0x0000000712000000, 0x0000000712000000|100%| E|CS|TAMS 0x0000000711e00000, 0x0000000711e00000| Complete 
| 144|0x0000000712000000, 0x0000000712200000, 0x0000000712200000|100%| E|CS|TAMS 0x0000000712000000, 0x0000000712000000| Complete 
| 145|0x0000000712200000, 0x0000000712400000, 0x0000000712400000|100%| E|CS|TAMS 0x0000000712200000, 0x0000000712200000| Complete 
| 146|0x0000000712400000, 0x0000000712600000, 0x0000000712600000|100%| E|CS|TAMS 0x0000000712400000, 0x0000000712400000| Complete 
| 147|0x0000000712600000, 0x0000000712800000, 0x0000000712800000|100%| E|CS|TAMS 0x0000000712600000, 0x0000000712600000| Complete 
| 148|0x0000000712800000, 0x0000000712a00000, 0x0000000712a00000|100%| E|CS|TAMS 0x0000000712800000, 0x0000000712800000| Complete 
| 149|0x0000000712a00000, 0x0000000712c00000, 0x0000000712c00000|100%| E|CS|TAMS 0x0000000712a00000, 0x0000000712a00000| Complete 
| 150|0x0000000712c00000, 0x0000000712e00000, 0x0000000712e00000|100%| E|CS|TAMS 0x0000000712c00000, 0x0000000712c00000| Complete 
| 151|0x0000000712e00000, 0x0000000713000000, 0x0000000713000000|100%| E|CS|TAMS 0x0000000712e00000, 0x0000000712e00000| Complete 
| 152|0x0000000713000000, 0x0000000713200000, 0x0000000713200000|100%| E|CS|TAMS 0x0000000713000000, 0x0000000713000000| Complete 
| 153|0x0000000713200000, 0x0000000713400000, 0x0000000713400000|100%| E|CS|TAMS 0x0000000713200000, 0x0000000713200000| Complete 
| 154|0x0000000713400000, 0x0000000713600000, 0x0000000713600000|100%| E|CS|TAMS 0x0000000713400000, 0x0000000713400000| Complete 
| 155|0x0000000713600000, 0x0000000713800000, 0x0000000713800000|100%| E|CS|TAMS 0x0000000713600000, 0x0000000713600000| Complete 
| 156|0x0000000713800000, 0x0000000713a00000, 0x0000000713a00000|100%| E|CS|TAMS 0x0000000713800000, 0x0000000713800000| Complete 
| 157|0x0000000713a00000, 0x0000000713c00000, 0x0000000713c00000|100%| E|CS|TAMS 0x0000000713a00000, 0x0000000713a00000| Complete 
| 158|0x0000000713c00000, 0x0000000713e00000, 0x0000000713e00000|100%| E|CS|TAMS 0x0000000713c00000, 0x0000000713c00000| Complete 
| 159|0x0000000713e00000, 0x0000000714000000, 0x0000000714000000|100%| E|CS|TAMS 0x0000000713e00000, 0x0000000713e00000| Complete 
| 160|0x0000000714000000, 0x0000000714200000, 0x0000000714200000|100%| E|CS|TAMS 0x0000000714000000, 0x0000000714000000| Complete 
| 161|0x0000000714200000, 0x0000000714400000, 0x0000000714400000|100%| E|CS|TAMS 0x0000000714200000, 0x0000000714200000| Complete 
| 162|0x0000000714400000, 0x0000000714600000, 0x0000000714600000|100%| E|CS|TAMS 0x0000000714400000, 0x0000000714400000| Complete 
| 163|0x0000000714600000, 0x0000000714800000, 0x0000000714800000|100%| E|CS|TAMS 0x0000000714600000, 0x0000000714600000| Complete 
| 164|0x0000000714800000, 0x0000000714a00000, 0x0000000714a00000|100%| E|CS|TAMS 0x0000000714800000, 0x0000000714800000| Complete 
| 165|0x0000000714a00000, 0x0000000714c00000, 0x0000000714c00000|100%| E|CS|TAMS 0x0000000714a00000, 0x0000000714a00000| Complete 
| 166|0x0000000714c00000, 0x0000000714e00000, 0x0000000714e00000|100%| E|CS|TAMS 0x0000000714c00000, 0x0000000714c00000| Complete 
| 167|0x0000000714e00000, 0x0000000715000000, 0x0000000715000000|100%| E|CS|TAMS 0x0000000714e00000, 0x0000000714e00000| Complete 
| 168|0x0000000715000000, 0x0000000715200000, 0x0000000715200000|100%| E|CS|TAMS 0x0000000715000000, 0x0000000715000000| Complete 
| 169|0x0000000715200000, 0x0000000715400000, 0x0000000715400000|100%| E|CS|TAMS 0x0000000715200000, 0x0000000715200000| Complete 
| 170|0x0000000715400000, 0x0000000715600000, 0x0000000715600000|100%| E|CS|TAMS 0x0000000715400000, 0x0000000715400000| Complete 
| 171|0x0000000715600000, 0x0000000715800000, 0x0000000715800000|100%| E|CS|TAMS 0x0000000715600000, 0x0000000715600000| Complete 
| 172|0x0000000715800000, 0x0000000715a00000, 0x0000000715a00000|100%| E|CS|TAMS 0x0000000715800000, 0x0000000715800000| Complete 
| 173|0x0000000715a00000, 0x0000000715c00000, 0x0000000715c00000|100%| E|CS|TAMS 0x0000000715a00000, 0x0000000715a00000| Complete 
| 174|0x0000000715c00000, 0x0000000715e00000, 0x0000000715e00000|100%| E|CS|TAMS 0x0000000715c00000, 0x0000000715c00000| Complete 
| 175|0x0000000715e00000, 0x0000000715f70c18, 0x0000000716000000| 72%| S|CS|TAMS 0x0000000715e00000, 0x0000000715e00000| Complete 
| 176|0x0000000716000000, 0x0000000716200000, 0x0000000716200000|100%| S|CS|TAMS 0x0000000716000000, 0x0000000716000000| Complete 
| 177|0x0000000716200000, 0x0000000716400000, 0x0000000716400000|100%| S|CS|TAMS 0x0000000716200000, 0x0000000716200000| Complete 
| 178|0x0000000716400000, 0x0000000716600000, 0x0000000716600000|100%| S|CS|TAMS 0x0000000716400000, 0x0000000716400000| Complete 
| 179|0x0000000716600000, 0x0000000716800000, 0x0000000716800000|100%| S|CS|TAMS 0x0000000716600000, 0x0000000716600000| Complete 
| 180|0x0000000716800000, 0x0000000716a00000, 0x0000000716a00000|100%| S|CS|TAMS 0x0000000716800000, 0x0000000716800000| Complete 
| 181|0x0000000716a00000, 0x0000000716c00000, 0x0000000716c00000|100%| S|CS|TAMS 0x0000000716a00000, 0x0000000716a00000| Complete 
| 182|0x0000000716c00000, 0x0000000716e00000, 0x0000000716e00000|100%| S|CS|TAMS 0x0000000716c00000, 0x0000000716c00000| Complete 
| 183|0x0000000716e00000, 0x0000000717000000, 0x0000000717000000|100%| S|CS|TAMS 0x0000000716e00000, 0x0000000716e00000| Complete 
| 184|0x0000000717000000, 0x0000000717200000, 0x0000000717200000|100%| S|CS|TAMS 0x0000000717000000, 0x0000000717000000| Complete 
| 185|0x0000000717200000, 0x0000000717400000, 0x0000000717400000|100%| S|CS|TAMS 0x0000000717200000, 0x0000000717200000| Complete 
| 186|0x0000000717400000, 0x0000000717600000, 0x0000000717600000|100%| S|CS|TAMS 0x0000000717400000, 0x0000000717400000| Complete 
| 187|0x0000000717600000, 0x0000000717800000, 0x0000000717800000|100%| S|CS|TAMS 0x0000000717600000, 0x0000000717600000| Complete 
| 188|0x0000000717800000, 0x0000000717a00000, 0x0000000717a00000|100%| E|CS|TAMS 0x0000000717800000, 0x0000000717800000| Complete 
| 189|0x0000000717a00000, 0x0000000717c00000, 0x0000000717c00000|100%| E|CS|TAMS 0x0000000717a00000, 0x0000000717a00000| Complete 
| 190|0x0000000717c00000, 0x0000000717e00000, 0x0000000717e00000|100%| E|CS|TAMS 0x0000000717c00000, 0x0000000717c00000| Complete 
| 191|0x0000000717e00000, 0x0000000718000000, 0x0000000718000000|100%| E|CS|TAMS 0x0000000717e00000, 0x0000000717e00000| Complete 
| 192|0x0000000718000000, 0x0000000718200000, 0x0000000718200000|100%| E|CS|TAMS 0x0000000718000000, 0x0000000718000000| Complete 
| 193|0x0000000718200000, 0x0000000718400000, 0x0000000718400000|100%| E|CS|TAMS 0x0000000718200000, 0x0000000718200000| Complete 
| 194|0x0000000718400000, 0x0000000718600000, 0x0000000718600000|100%| E|CS|TAMS 0x0000000718400000, 0x0000000718400000| Complete 
| 195|0x0000000718600000, 0x0000000718800000, 0x0000000718800000|100%| E|CS|TAMS 0x0000000718600000, 0x0000000718600000| Complete 
| 196|0x0000000718800000, 0x0000000718a00000, 0x0000000718a00000|100%| E|CS|TAMS 0x0000000718800000, 0x0000000718800000| Complete 
| 197|0x0000000718a00000, 0x0000000718c00000, 0x0000000718c00000|100%| E|CS|TAMS 0x0000000718a00000, 0x0000000718a00000| Complete 
| 198|0x0000000718c00000, 0x0000000718e00000, 0x0000000718e00000|100%| E|CS|TAMS 0x0000000718c00000, 0x0000000718c00000| Complete 
| 199|0x0000000718e00000, 0x0000000719000000, 0x0000000719000000|100%| E|CS|TAMS 0x0000000718e00000, 0x0000000718e00000| Complete 
| 200|0x0000000719000000, 0x0000000719200000, 0x0000000719200000|100%| E|CS|TAMS 0x0000000719000000, 0x0000000719000000| Complete 
| 201|0x0000000719200000, 0x0000000719400000, 0x0000000719400000|100%| E|CS|TAMS 0x0000000719200000, 0x0000000719200000| Complete 
| 202|0x0000000719400000, 0x0000000719600000, 0x0000000719600000|100%| E|  |TAMS 0x0000000719400000, 0x0000000719400000| Complete 
| 203|0x0000000719600000, 0x0000000719800000, 0x0000000719800000|100%| E|CS|TAMS 0x0000000719600000, 0x0000000719600000| Complete 
| 204|0x0000000719800000, 0x0000000719a00000, 0x0000000719a00000|100%| E|CS|TAMS 0x0000000719800000, 0x0000000719800000| Complete 
| 205|0x0000000719a00000, 0x0000000719c00000, 0x0000000719c00000|100%| E|CS|TAMS 0x0000000719a00000, 0x0000000719a00000| Complete 
| 206|0x0000000719c00000, 0x0000000719e00000, 0x0000000719e00000|100%| E|CS|TAMS 0x0000000719c00000, 0x0000000719c00000| Complete 
| 207|0x0000000719e00000, 0x000000071a000000, 0x000000071a000000|100%| E|CS|TAMS 0x0000000719e00000, 0x0000000719e00000| Complete 
| 208|0x000000071a000000, 0x000000071a200000, 0x000000071a200000|100%| E|CS|TAMS 0x000000071a000000, 0x000000071a000000| Complete 
| 209|0x000000071a200000, 0x000000071a400000, 0x000000071a400000|100%| E|CS|TAMS 0x000000071a200000, 0x000000071a200000| Complete 
| 210|0x000000071a400000, 0x000000071a600000, 0x000000071a600000|100%| E|CS|TAMS 0x000000071a400000, 0x000000071a400000| Complete 
| 211|0x000000071a600000, 0x000000071a800000, 0x000000071a800000|100%| E|CS|TAMS 0x000000071a600000, 0x000000071a600000| Complete 
| 212|0x000000071a800000, 0x000000071aa00000, 0x000000071aa00000|100%| E|CS|TAMS 0x000000071a800000, 0x000000071a800000| Complete 
| 213|0x000000071aa00000, 0x000000071ac00000, 0x000000071ac00000|100%| E|CS|TAMS 0x000000071aa00000, 0x000000071aa00000| Complete 
| 214|0x000000071ac00000, 0x000000071ae00000, 0x000000071ae00000|100%| E|CS|TAMS 0x000000071ac00000, 0x000000071ac00000| Complete 
| 215|0x000000071ae00000, 0x000000071b000000, 0x000000071b000000|100%| E|CS|TAMS 0x000000071ae00000, 0x000000071ae00000| Complete 
| 216|0x000000071b000000, 0x000000071b200000, 0x000000071b200000|100%| E|CS|TAMS 0x000000071b000000, 0x000000071b000000| Complete 
| 217|0x000000071b200000, 0x000000071b400000, 0x000000071b400000|100%| E|CS|TAMS 0x000000071b200000, 0x000000071b200000| Complete 
| 218|0x000000071b400000, 0x000000071b600000, 0x000000071b600000|100%| E|CS|TAMS 0x000000071b400000, 0x000000071b400000| Complete 
| 219|0x000000071b600000, 0x000000071b800000, 0x000000071b800000|100%| E|CS|TAMS 0x000000071b600000, 0x000000071b600000| Complete 
| 220|0x000000071b800000, 0x000000071ba00000, 0x000000071ba00000|100%| E|CS|TAMS 0x000000071b800000, 0x000000071b800000| Complete 
| 221|0x000000071ba00000, 0x000000071bc00000, 0x000000071bc00000|100%| E|CS|TAMS 0x000000071ba00000, 0x000000071ba00000| Complete 
| 222|0x000000071bc00000, 0x000000071be00000, 0x000000071be00000|100%| E|CS|TAMS 0x000000071bc00000, 0x000000071bc00000| Complete 
| 223|0x000000071be00000, 0x000000071c000000, 0x000000071c000000|100%| E|CS|TAMS 0x000000071be00000, 0x000000071be00000| Complete 
| 224|0x000000071c000000, 0x000000071c200000, 0x000000071c200000|100%| E|CS|TAMS 0x000000071c000000, 0x000000071c000000| Complete 
| 225|0x000000071c200000, 0x000000071c400000, 0x000000071c400000|100%| E|CS|TAMS 0x000000071c200000, 0x000000071c200000| Complete 
| 226|0x000000071c400000, 0x000000071c600000, 0x000000071c600000|100%| E|CS|TAMS 0x000000071c400000, 0x000000071c400000| Complete 
| 227|0x000000071c600000, 0x000000071c800000, 0x000000071c800000|100%| E|CS|TAMS 0x000000071c600000, 0x000000071c600000| Complete 
| 228|0x000000071c800000, 0x000000071ca00000, 0x000000071ca00000|100%| E|CS|TAMS 0x000000071c800000, 0x000000071c800000| Complete 
| 229|0x000000071ca00000, 0x000000071cc00000, 0x000000071cc00000|100%| E|CS|TAMS 0x000000071ca00000, 0x000000071ca00000| Complete 
| 230|0x000000071cc00000, 0x000000071ce00000, 0x000000071ce00000|100%| E|CS|TAMS 0x000000071cc00000, 0x000000071cc00000| Complete 
| 231|0x000000071ce00000, 0x000000071d000000, 0x000000071d000000|100%| E|CS|TAMS 0x000000071ce00000, 0x000000071ce00000| Complete 
| 232|0x000000071d000000, 0x000000071d200000, 0x000000071d200000|100%| E|CS|TAMS 0x000000071d000000, 0x000000071d000000| Complete 
| 233|0x000000071d200000, 0x000000071d400000, 0x000000071d400000|100%| E|CS|TAMS 0x000000071d200000, 0x000000071d200000| Complete 
| 234|0x000000071d400000, 0x000000071d600000, 0x000000071d600000|100%| E|CS|TAMS 0x000000071d400000, 0x000000071d400000| Complete 
| 235|0x000000071d600000, 0x000000071d800000, 0x000000071d800000|100%| E|CS|TAMS 0x000000071d600000, 0x000000071d600000| Complete 
| 236|0x000000071d800000, 0x000000071da00000, 0x000000071da00000|100%| E|CS|TAMS 0x000000071d800000, 0x000000071d800000| Complete 
| 237|0x000000071da00000, 0x000000071dc00000, 0x000000071dc00000|100%| E|CS|TAMS 0x000000071da00000, 0x000000071da00000| Complete 
| 238|0x000000071dc00000, 0x000000071de00000, 0x000000071de00000|100%| E|CS|TAMS 0x000000071dc00000, 0x000000071dc00000| Complete 
| 239|0x000000071de00000, 0x000000071e000000, 0x000000071e000000|100%| E|CS|TAMS 0x000000071de00000, 0x000000071de00000| Complete 
| 240|0x000000071e000000, 0x000000071e200000, 0x000000071e200000|100%| E|CS|TAMS 0x000000071e000000, 0x000000071e000000| Complete 
| 241|0x000000071e200000, 0x000000071e400000, 0x000000071e400000|100%| E|CS|TAMS 0x000000071e200000, 0x000000071e200000| Complete 
| 242|0x000000071e400000, 0x000000071e600000, 0x000000071e600000|100%| E|CS|TAMS 0x000000071e400000, 0x000000071e400000| Complete 
| 243|0x000000071e600000, 0x000000071e800000, 0x000000071e800000|100%| E|CS|TAMS 0x000000071e600000, 0x000000071e600000| Complete 
| 244|0x000000071e800000, 0x000000071ea00000, 0x000000071ea00000|100%| E|CS|TAMS 0x000000071e800000, 0x000000071e800000| Complete 
| 245|0x000000071ea00000, 0x000000071ec00000, 0x000000071ec00000|100%| E|CS|TAMS 0x000000071ea00000, 0x000000071ea00000| Complete 
| 246|0x000000071ec00000, 0x000000071ee00000, 0x000000071ee00000|100%| E|CS|TAMS 0x000000071ec00000, 0x000000071ec00000| Complete 
| 247|0x000000071ee00000, 0x000000071f000000, 0x000000071f000000|100%| E|CS|TAMS 0x000000071ee00000, 0x000000071ee00000| Complete 
| 248|0x000000071f000000, 0x000000071f200000, 0x000000071f200000|100%| E|CS|TAMS 0x000000071f000000, 0x000000071f000000| Complete 
| 249|0x000000071f200000, 0x000000071f400000, 0x000000071f400000|100%| E|CS|TAMS 0x000000071f200000, 0x000000071f200000| Complete 
| 250|0x000000071f400000, 0x000000071f600000, 0x000000071f600000|100%| E|CS|TAMS 0x000000071f400000, 0x000000071f400000| Complete 
| 251|0x000000071f600000, 0x000000071f800000, 0x000000071f800000|100%| E|CS|TAMS 0x000000071f600000, 0x000000071f600000| Complete 
| 252|0x000000071f800000, 0x000000071fa00000, 0x000000071fa00000|100%| E|CS|TAMS 0x000000071f800000, 0x000000071f800000| Complete 
| 253|0x000000071fa00000, 0x000000071fc00000, 0x000000071fc00000|100%| E|CS|TAMS 0x000000071fa00000, 0x000000071fa00000| Complete 
| 254|0x000000071fc00000, 0x000000071fe00000, 0x000000071fe00000|100%| E|CS|TAMS 0x000000071fc00000, 0x000000071fc00000| Complete 
| 255|0x000000071fe00000, 0x0000000720000000, 0x0000000720000000|100%| E|CS|TAMS 0x000000071fe00000, 0x000000071fe00000| Complete 

Card table byte_map: [0x000001b5c82c0000,0x000001b5c8ac0000] _byte_map_base: 0x000001b5c4ac0000

Marking Bits (Prev, Next): (CMBitMap*) 0x000001b5b0f2f6f0, (CMBitMap*) 0x000001b5b0f2f730
 Prev Bits: [0x000001b5c92c0000, 0x000001b5cd2c0000)
 Next Bits: [0x000001b5cd2c0000, 0x000001b5d12c0000)

Polling page: 0x000001b5af0a0000

Metaspace:

Usage:
  Non-class:     49.65 MB used.
      Class:      8.06 MB used.
       Both:     57.71 MB used.

Virtual space:
  Non-class space:       64.00 MB reserved,      49.94 MB ( 78%) committed,  1 nodes.
      Class space:        1.00 GB reserved,       8.31 MB ( <1%) committed,  1 nodes.
             Both:        1.06 GB reserved,      58.25 MB (  5%) committed. 

Chunk freelists:
   Non-Class:  14.02 MB
       Class:  7.56 MB
        Both:  21.58 MB

MaxMetaspaceSize: unlimited
CompressedClassSpaceSize: 1.00 GB
Initial GC threshold: 21.00 MB
Current GC threshold: 59.00 MB
CDS: on
MetaspaceReclaimPolicy: balanced
 - commit_granule_bytes: 65536.
 - commit_granule_words: 8192.
 - virtual_space_node_default_size: 8388608.
 - enlarge_chunks_in_place: 1.
 - new_chunks_are_fully_committed: 0.
 - uncommit_free_chunks: 1.
 - use_allocation_guard: 0.
 - handle_deallocations: 1.


Internal statistics:

num_allocs_failed_limit: 6.
num_arena_births: 628.
num_arena_deaths: 0.
num_vsnodes_births: 2.
num_vsnodes_deaths: 0.
num_space_committed: 932.
num_space_uncommitted: 0.
num_chunks_returned_to_freelist: 6.
num_chunks_taken_from_freelist: 2832.
num_chunk_merges: 6.
num_chunk_splits: 1878.
num_chunks_enlarged: 1267.
num_inconsistent_stats: 0.

CodeHeap 'non-profiled nmethods': size=120000Kb used=3971Kb max_used=3971Kb free=116028Kb
 bounds [0x000001b5c0250000, 0x000001b5c0640000, 0x000001b5c7780000]
CodeHeap 'profiled nmethods': size=120000Kb used=12227Kb max_used=12227Kb free=107772Kb
 bounds [0x000001b5b8780000, 0x000001b5b9380000, 0x000001b5bfcb0000]
CodeHeap 'non-nmethods': size=5760Kb used=2384Kb max_used=2465Kb free=3375Kb
 bounds [0x000001b5bfcb0000, 0x000001b5bff40000, 0x000001b5c0250000]
 total_blobs=7084 nmethods=6176 adapters=819
 compilation: enabled
              stopped_count=0, restarted_count=0
 full_count=0

Compilation events (20 events):
Event: 20.287 Thread 0x000001b61509b680 nmethod 6920 0x000001b5b9360590 code [0x000001b5b9360740, 0x000001b5b9360a58]
Event: 20.287 Thread 0x000001b61509b680 6921       3       com.google.common.reflect.TypeResolver$TypeTable$1::resolveInternal (33 bytes)
Event: 20.287 Thread 0x000001b61509b680 nmethod 6921 0x000001b5b9360b90 code [0x000001b5b9360d80, 0x000001b5b9361258]
Event: 20.287 Thread 0x000001b61509b680 6922 %     3       org.gradle.internal.instantiation.generator.AbstractClassGenerator::inspectType @ 77 (560 bytes)
Event: 20.291 Thread 0x000001b61509b680 nmethod 6922% 0x000001b5b9361410 code [0x000001b5b9361bc0, 0x000001b5b9366c88]
Event: 20.292 Thread 0x000001b61509b680 6923       3       org.gradle.internal.instantiation.generator.AsmBackedClassGenerator$ClassBuilderImpl::access$1600 (4 bytes)
Event: 20.292 Thread 0x000001b61df01db0 6906       4       jdk.internal.org.objectweb.asm.MethodWriter::visitVarInsn (302 bytes)
Event: 20.292 Thread 0x000001b61509b680 nmethod 6923 0x000001b5b9368590 code [0x000001b5b9368720, 0x000001b5b9368818]
Event: 20.295 Thread 0x000001b61509b680 6925       3       java.util.Collections::singletonList (9 bytes)
Event: 20.295 Thread 0x000001b61509b680 nmethod 6925 0x000001b5b9368890 code [0x000001b5b9368a40, 0x000001b5b9368d78]
Event: 20.295 Thread 0x000001b61509b680 6926       3       java.util.Collections$SingletonList::<init> (10 bytes)
Event: 20.295 Thread 0x000001b61509b680 nmethod 6926 0x000001b5b9368e90 code [0x000001b5b9369040, 0x000001b5b93692d8]
Event: 20.298 Thread 0x000001b61509b680 6927       3       com.google.common.collect.ImmutableMap::of (4 bytes)
Event: 20.299 Thread 0x000001b61509b680 nmethod 6927 0x000001b5b9369410 code [0x000001b5b93695a0, 0x000001b5b9369698]
Event: 20.299 Thread 0x000001b61509b680 6928 %     3       org.gradle.internal.instantiation.generator.AbstractClassGenerator::inspectType @ 107 (560 bytes)
Event: 20.304 Thread 0x000001b61509b680 nmethod 6928% 0x000001b5b9369710 code [0x000001b5b9369ec0, 0x000001b5b936f0e8]
Event: 20.304 Thread 0x000001b61509b680 6930       3       org.gradle.internal.instantiation.generator.AsmBackedClassGenerator$ClassBuilderImpl::access$6900 (4 bytes)
Event: 20.305 Thread 0x000001b61509b680 nmethod 6930 0x000001b5b9370a10 code [0x000001b5b9370ba0, 0x000001b5b9370c98]
Event: 20.308 Thread 0x000001b61df01db0 nmethod 6906 0x000001b5c062fa10 code [0x000001b5c062fbe0, 0x000001b5c0630808]
Event: 20.308 Thread 0x000001b61df01db0 6924       4       org.objectweb.asm.SymbolTable::addConstantMemberReference (147 bytes)

GC Heap History (8 events):
Event: 1.507 GC heap before
{Heap before GC invocations=0 (full 0):
 garbage-first heap   total 524288K, used 28672K [0x0000000700000000, 0x0000000800000000)
  region size 2048K, 12 young (24576K), 0 survivors (0K)
 Metaspace       used 3116K, committed 3264K, reserved 1114112K
  class space    used 397K, committed 448K, reserved 1048576K
}
Event: 1.514 GC heap after
{Heap after GC invocations=1 (full 0):
 garbage-first heap   total 524288K, used 10328K [0x0000000700000000, 0x0000000800000000)
  region size 2048K, 2 young (4096K), 2 survivors (4096K)
 Metaspace       used 3116K, committed 3264K, reserved 1114112K
  class space    used 397K, committed 448K, reserved 1048576K
}
Event: 2.568 GC heap before
{Heap before GC invocations=1 (full 0):
 garbage-first heap   total 524288K, used 39000K [0x0000000700000000, 0x0000000800000000)
  region size 2048K, 16 young (32768K), 2 survivors (4096K)
 Metaspace       used 4001K, committed 4160K, reserved 1114112K
  class space    used 490K, committed 576K, reserved 1048576K
}
Event: 2.571 GC heap after
{Heap after GC invocations=2 (full 0):
 garbage-first heap   total 524288K, used 11234K [0x0000000700000000, 0x0000000800000000)
  region size 2048K, 1 young (2048K), 1 survivors (2048K)
 Metaspace       used 4001K, committed 4160K, reserved 1114112K
  class space    used 490K, committed 576K, reserved 1048576K
}
Event: 6.041 GC heap before
{Heap before GC invocations=2 (full 0):
 garbage-first heap   total 524288K, used 132066K [0x0000000700000000, 0x0000000800000000)
  region size 2048K, 61 young (124928K), 1 survivors (2048K)
 Metaspace       used 21215K, committed 21504K, reserved 1114112K
  class space    used 3125K, committed 3264K, reserved 1048576K
}
Event: 6.051 GC heap after
{Heap after GC invocations=3 (full 0):
 garbage-first heap   total 524288K, used 22281K [0x0000000700000000, 0x0000000800000000)
  region size 2048K, 6 young (12288K), 6 survivors (12288K)
 Metaspace       used 21215K, committed 21504K, reserved 1114112K
  class space    used 3125K, committed 3264K, reserved 1048576K
}
Event: 8.904 GC heap before
{Heap before GC invocations=4 (full 0):
 garbage-first heap   total 524288K, used 173833K [0x0000000700000000, 0x0000000800000000)
  region size 2048K, 68 young (139264K), 6 survivors (12288K)
 Metaspace       used 35679K, committed 36096K, reserved 1114112K
  class space    used 4971K, committed 5184K, reserved 1048576K
}
Event: 8.923 GC heap after
{Heap after GC invocations=5 (full 0):
 garbage-first heap   total 524288K, used 61062K [0x0000000700000000, 0x0000000800000000)
  region size 2048K, 13 young (26624K), 13 survivors (26624K)
 Metaspace       used 35679K, committed 36096K, reserved 1114112K
  class space    used 4971K, committed 5184K, reserved 1048576K
}

Deoptimization events (20 events):
Event: 17.193 Thread 0x000001b61afb0830 Uncommon trap: trap_request=0xffffffc6 fr.pc=0x000001b5c05f3d10 relative=0x00000000000003d0
Event: 17.193 Thread 0x000001b61afb0830 Uncommon trap: reason=bimorphic_or_optimized_type_check action=maybe_recompile pc=0x000001b5c05f3d10 method=sun.security.util.math.intpoly.IntegerPolynomial.multByInt([JJ)V @ 26 c2
Event: 17.193 Thread 0x000001b61afb0830 DEOPT PACKING pc=0x000001b5c05f3d10 sp=0x0000009bb49f5b20
Event: 17.193 Thread 0x000001b61afb0830 DEOPT UNPACKING pc=0x000001b5bfd023a3 sp=0x0000009bb49f5a80 mode 2
Event: 17.193 Thread 0x000001b61afb0830 Uncommon trap: trap_request=0xffffffc6 fr.pc=0x000001b5c05f0618 relative=0x0000000000000358
Event: 17.193 Thread 0x000001b61afb0830 Uncommon trap: reason=bimorphic_or_optimized_type_check action=maybe_recompile pc=0x000001b5c05f0618 method=sun.security.util.math.intpoly.IntegerPolynomial.multByInt([JJ)V @ 26 c2
Event: 17.193 Thread 0x000001b61afb0830 DEOPT PACKING pc=0x000001b5c05f0618 sp=0x0000009bb49f5a80
Event: 17.193 Thread 0x000001b61afb0830 DEOPT UNPACKING pc=0x000001b5bfd023a3 sp=0x0000009bb49f5a70 mode 2
Event: 19.797 Thread 0x000001b61e377cb0 Uncommon trap: trap_request=0xffffff45 fr.pc=0x000001b5c05d294c relative=0x000000000000160c
Event: 19.797 Thread 0x000001b61e377cb0 Uncommon trap: reason=unstable_if action=reinterpret pc=0x000001b5c05d294c method=java.util.concurrent.ConcurrentHashMap.addCount(JI)V @ 171 c2
Event: 19.797 Thread 0x000001b61e377cb0 DEOPT PACKING pc=0x000001b5c05d294c sp=0x0000009bb6ffeab0
Event: 19.797 Thread 0x000001b61e377cb0 DEOPT UNPACKING pc=0x000001b5bfd023a3 sp=0x0000009bb6ffe980 mode 2
Event: 19.815 Thread 0x000001b61e377cb0 Uncommon trap: trap_request=0xffffff45 fr.pc=0x000001b5c05262e8 relative=0x0000000000000228
Event: 19.815 Thread 0x000001b61e377cb0 Uncommon trap: reason=unstable_if action=reinterpret pc=0x000001b5c05262e8 method=java.util.concurrent.ConcurrentHashMap.addCount(JI)V @ 97 c2
Event: 19.815 Thread 0x000001b61e377cb0 DEOPT PACKING pc=0x000001b5c05262e8 sp=0x0000009bb6ffe040
Event: 19.815 Thread 0x000001b61e377cb0 DEOPT UNPACKING pc=0x000001b5bfd023a3 sp=0x0000009bb6ffdfa0 mode 2
Event: 19.827 Thread 0x000001b61e3790f0 DEOPT PACKING pc=0x000001b5b8bacc74 sp=0x0000009bb73fd810
Event: 19.827 Thread 0x000001b61e3790f0 DEOPT UNPACKING pc=0x000001b5bfd02b43 sp=0x0000009bb73fcd90 mode 0
Event: 20.156 Thread 0x000001b61afb0830 DEOPT PACKING pc=0x000001b5b8bacc74 sp=0x0000009bb49f6d20
Event: 20.156 Thread 0x000001b61afb0830 DEOPT UNPACKING pc=0x000001b5bfd02b43 sp=0x0000009bb49f62a0 mode 0

Classes unloaded (0 events):
No events

Classes redefined (0 events):
No events

Internal exceptions (20 events):
Event: 13.988 Thread 0x000001b61afb0830 Exception <a 'sun/nio/fs/WindowsException'{0x0000000713478c40}> (0x0000000713478c40) 
thrown [s\open\src\hotspot\share\prims\jni.cpp, line 516]
Event: 13.989 Thread 0x000001b61afb0830 Exception <a 'sun/nio/fs/WindowsException'{0x000000071347a7b0}> (0x000000071347a7b0) 
thrown [s\open\src\hotspot\share\prims\jni.cpp, line 516]
Event: 14.025 Thread 0x000001b61afb0830 Exception <a 'sun/nio/fs/WindowsException'{0x00000007135a2fa0}> (0x00000007135a2fa0) 
thrown [s\open\src\hotspot\share\prims\jni.cpp, line 516]
Event: 14.026 Thread 0x000001b61afb0830 Exception <a 'sun/nio/fs/WindowsException'{0x00000007135a3178}> (0x00000007135a3178) 
thrown [s\open\src\hotspot\share\prims\jni.cpp, line 516]
Event: 15.095 Thread 0x000001b61afb0830 Exception <a 'java/lang/ClassNotFoundException'{0x00000007133e42f0}: build_a3kplktf8p9gwie6y9qt75ywvBeanInfo> (0x00000007133e42f0) 
thrown [s\open\src\hotspot\share\classfile\systemDictionary.cpp, line 256]
Event: 15.095 Thread 0x000001b61afb0830 Exception <a 'java/lang/ClassNotFoundException'{0x00000007133eff28}: org/gradle/api/internal/project/ProjectScriptBeanInfo> (0x00000007133eff28) 
thrown [s\open\src\hotspot\share\classfile\systemDictionary.cpp, line 256]
Event: 15.096 Thread 0x000001b61afb0830 Exception <a 'java/lang/ClassNotFoundException'{0x00000007133fbbf0}: org/gradle/api/internal/project/ProjectScriptCustomizer> (0x00000007133fbbf0) 
thrown [s\open\src\hotspot\share\classfile\systemDictionary.cpp, line 256]
Event: 15.097 Thread 0x000001b61afb0830 Exception <a 'java/lang/ClassNotFoundException'{0x0000000713014590}: build_a3kplktf8p9gwie6y9qt75ywvCustomizer> (0x0000000713014590) 
thrown [s\open\src\hotspot\share\classfile\systemDictionary.cpp, line 256]
Event: 15.107 Thread 0x000001b61afb0830 Exception <a 'java/lang/ClassNotFoundException'{0x0000000713074ae0}: org/gradle/plugin/use/internal/PluginRequestCollector$PluginDependenciesSpecImplBeanInfo> (0x0000000713074ae0) 
thrown [s\open\src\hotspot\share\classfile\systemDictionary.cpp, line 256]
Event: 15.108 Thread 0x000001b61afb0830 Exception <a 'java/lang/ClassNotFoundException'{0x0000000713087850}: org/gradle/plugin/use/internal/PluginRequestCollector$PluginDependenciesSpecImplCustomizer> (0x0000000713087850) 
thrown [s\open\src\hotspot\share\classfile\systemDictionary.cpp, line 256]
Event: 15.114 Thread 0x000001b61afb0830 Exception <a 'java/lang/ClassNotFoundException'{0x00000007130c4ee0}: org/gradle/plugin/use/internal/PluginRequestCollector$PluginDependencySpecImplBeanInfo> (0x00000007130c4ee0) 
thrown [s\open\src\hotspot\share\classfile\systemDictionary.cpp, line 256]
Event: 15.115 Thread 0x000001b61afb0830 Exception <a 'java/lang/ClassNotFoundException'{0x00000007130d7be8}: org/gradle/plugin/use/internal/PluginRequestCollector$PluginDependencySpecImplCustomizer> (0x00000007130d7be8) 
thrown [s\open\src\hotspot\share\classfile\systemDictionary.cpp, line 256]
Event: 15.324 Thread 0x000001b61afb0830 Exception <a 'java/lang/NoSuchMethodError'{0x0000000712916048}: 'int java.lang.invoke.DirectMethodHandle$Holder.invokeSpecialIFC(java.lang.Object, java.lang.Object, java.lang.Object)'> (0x0000000712916048) 
thrown [s\open\src\hotspot\share\interpreter\linkResolver.cpp, line 759]
Event: 15.433 Thread 0x000001b61afb0830 Exception <a 'java/lang/NoSuchMethodError'{0x00000007124c4060}: 'java.lang.Object java.lang.invoke.DirectMethodHandle$Holder.newInvokeSpecial(java.lang.Object, java.lang.Object, java.lang.Object, java.lang.Object, java.lang.Object, int)'> (0x00000007124c4060) 
thrown [s\open\src\hotspot\share\interpreter\linkResolver.cpp, line 759]
Event: 15.434 Thread 0x000001b61afb0830 Exception <a 'java/lang/NoSuchMethodError'{0x00000007124c9718}: 'java.lang.Object java.lang.invoke.DirectMethodHandle$Holder.invokeSpecial(java.lang.Object, java.lang.Object, java.lang.Object, java.lang.Object, java.lang.Object, java.lang.Object, int)'> (0x00000007124c9718) 
thrown [s\open\src\hotspot\share\interpreter\linkResolver.cpp, line 759]
Event: 15.434 Thread 0x000001b61afb0830 Exception <a 'java/lang/NoSuchMethodError'{0x00000007124ce758}: 'java.lang.Object java.lang.invoke.Invokers$Holder.linkToTargetMethod(java.lang.Object, java.lang.Object, java.lang.Object, java.lang.Object, int, java.lang.Object)'> (0x00000007124ce758) 
thrown [s\open\src\hotspot\share\interpreter\linkResolver.cpp, line 759]
Event: 15.441 Thread 0x000001b61afb0830 Exception <a 'java/lang/NoSuchMethodError'{0x0000000712500b28}: 'java.lang.Object java.lang.invoke.DirectMethodHandle$Holder.invokeSpecial(java.lang.Object, java.lang.Object, java.lang.Object, java.lang.Object, java.lang.Object, long)'> (0x0000000712500b28) 
thrown [s\open\src\hotspot\share\interpreter\linkResolver.cpp, line 759]
Event: 15.445 Thread 0x000001b61afb0830 Exception <a 'java/lang/NoSuchMethodError'{0x0000000712523900}: 'void java.lang.invoke.DirectMethodHandle$Holder.invokeStatic(java.lang.Object, java.lang.Object, java.lang.Object, int, java.lang.Object)'> (0x0000000712523900) 
thrown [s\open\src\hotspot\share\interpreter\linkResolver.cpp, line 759]
Event: 15.486 Thread 0x000001b61afb0830 Implicit null exception at 0x000001b5c05931f2 to 0x000001b5c0593984
Event: 15.600 Thread 0x000001b61afb0830 Exception <a 'sun/nio/fs/WindowsException'{0x0000000712050048}> (0x0000000712050048) 
thrown [s\open\src\hotspot\share\prims\jni.cpp, line 516]

VM Operations (20 events):
Event: 15.589 Executing VM operation: ICBufferFull
Event: 15.590 Executing VM operation: ICBufferFull done
Event: 15.603 Executing VM operation: HandshakeAllThreads
Event: 15.603 Executing VM operation: HandshakeAllThreads done
Event: 15.655 Executing VM operation: HandshakeAllThreads
Event: 15.656 Executing VM operation: HandshakeAllThreads done
Event: 15.658 Executing VM operation: HandshakeAllThreads
Event: 15.658 Executing VM operation: HandshakeAllThreads done
Event: 15.893 Executing VM operation: HandshakeAllThreads
Event: 15.893 Executing VM operation: HandshakeAllThreads done
Event: 16.174 Executing VM operation: HandshakeAllThreads
Event: 16.174 Executing VM operation: HandshakeAllThreads done
Event: 17.174 Executing VM operation: Cleanup
Event: 17.191 Executing VM operation: Cleanup done
Event: 18.199 Executing VM operation: Cleanup
Event: 18.199 Executing VM operation: Cleanup done
Event: 19.206 Executing VM operation: Cleanup
Event: 19.206 Executing VM operation: Cleanup done
Event: 20.207 Executing VM operation: Cleanup
Event: 20.208 Executing VM operation: Cleanup done

Events (20 events):
Event: 18.097 Thread 0x000001b61567f7e0 Thread exited: 0x000001b61567f7e0
Event: 18.269 Thread 0x000001b61567f7e0 Thread added: 0x000001b61567f7e0
Event: 19.079 Thread 0x000001b61567f7e0 Thread exited: 0x000001b61567f7e0
Event: 19.550 Thread 0x000001b61567f7e0 Thread added: 0x000001b61567f7e0
Event: 19.754 Thread 0x000001b61e37aa40 Thread added: 0x000001b61e37aa40
Event: 19.755 Thread 0x000001b61e37a020 Thread added: 0x000001b61e37a020
Event: 19.755 Thread 0x000001b61e377cb0 Thread added: 0x000001b61e377cb0
Event: 19.755 Thread 0x000001b61e3781c0 Thread added: 0x000001b61e3781c0
Event: 19.756 Thread 0x000001b61e37a530 Thread added: 0x000001b61e37a530
Event: 19.757 Thread 0x000001b61e378be0 Thread added: 0x000001b61e378be0
Event: 19.757 Thread 0x000001b61e3790f0 Thread added: 0x000001b61e3790f0
Event: 19.861 Thread 0x000001b61567f7e0 Thread exited: 0x000001b61567f7e0
Event: 19.892 Thread 0x000001b61e379600 Thread added: 0x000001b61e379600
Event: 19.896 Thread 0x000001b61e377290 Thread added: 0x000001b61e377290
Event: 19.899 Thread 0x000001b61e37af50 Thread added: 0x000001b61e37af50
Event: 19.900 Thread 0x000001b61e3777a0 Thread added: 0x000001b61e3777a0
Event: 19.905 Thread 0x000001b61e37b460 Thread added: 0x000001b61e37b460
Event: 19.911 Thread 0x000001b61e37b970 Thread added: 0x000001b61e37b970
Event: 19.921 Thread 0x000001b61e37be80 Thread added: 0x000001b61e37be80
Event: 20.292 Thread 0x000001b61df01db0 Thread added: 0x000001b61df01db0


Dynamic libraries:
0x00007ff7c6af0000 - 0x00007ff7c6b00000 	C:\Program Files\Java\jdk-17.0.12\bin\java.exe
0x00007ffca1280000 - 0x00007ffca14e7000 	C:\WINDOWS\SYSTEM32\ntdll.dll
0x00007ffc9f840000 - 0x00007ffc9f909000 	C:\WINDOWS\System32\KERNEL32.DLL
0x00007ffc9ead0000 - 0x00007ffc9eec1000 	C:\WINDOWS\System32\KERNELBASE.dll
0x00007ffc9eed0000 - 0x00007ffc9f01b000 	C:\WINDOWS\System32\ucrtbase.dll
0x00007ffc8b660000 - 0x00007ffc8b67b000 	C:\Program Files\Java\jdk-17.0.12\bin\VCRUNTIME140.dll
0x00007ffc8b260000 - 0x00007ffc8b279000 	C:\Program Files\Java\jdk-17.0.12\bin\jli.dll
0x00007ffca0e20000 - 0x00007ffca0edb000 	C:\WINDOWS\System32\ADVAPI32.dll
0x00007ffc9f790000 - 0x00007ffc9f839000 	C:\WINDOWS\System32\msvcrt.dll
0x00007ffc9f4c0000 - 0x00007ffc9f567000 	C:\WINDOWS\System32\sechost.dll
0x00007ffca0b20000 - 0x00007ffca0c38000 	C:\WINDOWS\System32\RPCRT4.dll
0x00007ffc9f040000 - 0x00007ffc9f205000 	C:\WINDOWS\System32\USER32.dll
0x00007ffc9eaa0000 - 0x00007ffc9eac7000 	C:\WINDOWS\System32\win32u.dll
0x00007ffc9cc60000 - 0x00007ffc9cef3000 	C:\WINDOWS\WinSxS\amd64_microsoft.windows.common-controls_6595b64144ccf1df_6.0.26100.8037_none_3e092faae333b53b\COMCTL32.dll
0x00007ffca1070000 - 0x00007ffca109b000 	C:\WINDOWS\System32\GDI32.dll
0x00007ffc9e970000 - 0x00007ffc9ea9b000 	C:\WINDOWS\System32\gdi32full.dll
0x00007ffc9e610000 - 0x00007ffc9e6b3000 	C:\WINDOWS\System32\msvcp_win.dll
0x00007ffc93920000 - 0x00007ffc9392b000 	C:\WINDOWS\SYSTEM32\VERSION.dll
0x00007ffca1200000 - 0x00007ffca1231000 	C:\WINDOWS\System32\IMM32.DLL
0x00007ffc8b8c0000 - 0x00007ffc8b8cc000 	C:\Program Files\Java\jdk-17.0.12\bin\vcruntime140_1.dll
0x00007ffc74db0000 - 0x00007ffc74e3e000 	C:\Program Files\Java\jdk-17.0.12\bin\msvcp140.dll
0x00007ffc18db0000 - 0x00007ffc19990000 	C:\Program Files\Java\jdk-17.0.12\bin\server\jvm.dll
0x00007ffca0b10000 - 0x00007ffca0b18000 	C:\WINDOWS\System32\PSAPI.DLL
0x00007ffc83790000 - 0x00007ffc8379a000 	C:\WINDOWS\SYSTEM32\WSOCK32.dll
0x00007ffc9f5f0000 - 0x00007ffc9f664000 	C:\WINDOWS\System32\WS2_32.dll
0x00007ffc82d70000 - 0x00007ffc82da5000 	C:\WINDOWS\SYSTEM32\WINMM.dll
0x00007ffc9bfc0000 - 0x00007ffc9bfdb000 	C:\WINDOWS\SYSTEM32\kernel.appcore.dll
0x00007ffc8b960000 - 0x00007ffc8b96a000 	C:\Program Files\Java\jdk-17.0.12\bin\jimage.dll
0x00007ffc9d310000 - 0x00007ffc9d552000 	C:\WINDOWS\SYSTEM32\DBGHELP.DLL
0x00007ffc9fda0000 - 0x00007ffca0122000 	C:\WINDOWS\System32\combase.dll
0x00007ffca1120000 - 0x00007ffca11f7000 	C:\WINDOWS\System32\OLEAUT32.dll
0x00007ffc9d200000 - 0x00007ffc9d23b000 	C:\WINDOWS\SYSTEM32\dbgcore.DLL
0x00007ffc9e6c0000 - 0x00007ffc9e765000 	C:\WINDOWS\System32\bcryptPrimitives.dll
0x00007ffc8b950000 - 0x00007ffc8b95e000 	C:\Program Files\Java\jdk-17.0.12\bin\instrument.dll
0x00007ffc8b150000 - 0x00007ffc8b175000 	C:\Program Files\Java\jdk-17.0.12\bin\java.dll
0x00007ffc2fc40000 - 0x00007ffc2fd17000 	C:\Program Files\Java\jdk-17.0.12\bin\jsvml.dll
0x00007ffca0230000 - 0x00007ffca098f000 	C:\WINDOWS\System32\SHELL32.dll
0x00007ffc9e800000 - 0x00007ffc9e96a000 	C:\WINDOWS\System32\wintypes.dll
0x00007ffc9dda0000 - 0x00007ffc9e604000 	C:\WINDOWS\System32\windows.storage.dll
0x00007ffca0a10000 - 0x00007ffca0b07000 	C:\WINDOWS\System32\SHCORE.dll
0x00007ffca09a0000 - 0x00007ffca0a07000 	C:\WINDOWS\System32\shlwapi.dll
0x00007ffc9da80000 - 0x00007ffc9daa9000 	C:\WINDOWS\SYSTEM32\profapi.dll
0x00007ffc8ab40000 - 0x00007ffc8ab58000 	C:\Program Files\Java\jdk-17.0.12\bin\zip.dll
0x00007ffc8ab20000 - 0x00007ffc8ab39000 	C:\Program Files\Java\jdk-17.0.12\bin\net.dll
0x00007ffc92fe0000 - 0x00007ffc93107000 	C:\WINDOWS\SYSTEM32\WINHTTP.dll
0x00007ffc9c560000 - 0x00007ffc9c5cb000 	C:\WINDOWS\system32\mswsock.dll
0x00007ffc8ab00000 - 0x00007ffc8ab16000 	C:\Program Files\Java\jdk-17.0.12\bin\nio.dll
0x00007ffc8b940000 - 0x00007ffc8b950000 	C:\Program Files\Java\jdk-17.0.12\bin\verify.dll
0x00007ffc8af20000 - 0x00007ffc8af47000 	C:\Users\PC\.gradle\native\c067742578af261105cb4f569cf0c3c89f3d7b1fecec35dd04571415982c5e48\windows-amd64\native-platform.dll
0x00007ffc2f030000 - 0x00007ffc2f174000 	C:\Users\PC\.gradle\native\38dada09dfb8b06ba9b0570ebf7e218e3eb74d4ef43ca46872605cf95ebc2f47\windows-amd64\native-platform-file-events.dll
0x00007ffc8b7c0000 - 0x00007ffc8b7ca000 	C:\Program Files\Java\jdk-17.0.12\bin\management.dll
0x00007ffc8b740000 - 0x00007ffc8b74b000 	C:\Program Files\Java\jdk-17.0.12\bin\management_ext.dll
0x00007ffc9d680000 - 0x00007ffc9d69b000 	C:\WINDOWS\SYSTEM32\CRYPTSP.dll
0x00007ffc9c190000 - 0x00007ffc9c1c9000 	C:\WINDOWS\system32\rsaenh.dll
0x00007ffc9c610000 - 0x00007ffc9c642000 	C:\WINDOWS\SYSTEM32\USERENV.dll
0x00007ffc9da50000 - 0x00007ffc9da7a000 	C:\WINDOWS\SYSTEM32\bcrypt.dll
0x00007ffc9c840000 - 0x00007ffc9c84c000 	C:\WINDOWS\SYSTEM32\CRYPTBASE.dll
0x00007ffc9ba10000 - 0x00007ffc9ba43000 	C:\WINDOWS\SYSTEM32\IPHLPAPI.DLL
0x00007ffc9f700000 - 0x00007ffc9f70a000 	C:\WINDOWS\System32\NSI.dll
0x00007ffc92da0000 - 0x00007ffc92dbd000 	C:\WINDOWS\SYSTEM32\dhcpcsvc6.DLL
0x00007ffc92d70000 - 0x00007ffc92d93000 	C:\WINDOWS\SYSTEM32\dhcpcsvc.DLL
0x00007ffc9baa0000 - 0x00007ffc9bbca000 	C:\WINDOWS\SYSTEM32\DNSAPI.dll
0x00007ffc8b140000 - 0x00007ffc8b14e000 	C:\Program Files\Java\jdk-17.0.12\bin\sunmscapi.dll
0x00007ffc9dc20000 - 0x00007ffc9dd97000 	C:\WINDOWS\System32\CRYPT32.dll
0x00007ffc9cc20000 - 0x00007ffc9cc50000 	C:\WINDOWS\SYSTEM32\ncrypt.dll
0x00007ffc9cb10000 - 0x00007ffc9cb4f000 	C:\WINDOWS\SYSTEM32\NTASN1.dll
0x00007ffc970e0000 - 0x00007ffc970e8000 	C:\WINDOWS\system32\wshunix.dll
0x00007ffc8bd70000 - 0x00007ffc8bd7b000 	C:\Windows\System32\rasadhlp.dll
0x00007ffc8e4a0000 - 0x00007ffc8e526000 	C:\WINDOWS\System32\fwpuclnt.dll

dbghelp: loaded successfully - version: 4.0.5 - missing functions: none
symbol engine: initialized successfully - sym options: 0x614 - pdb path: .;C:\Program Files\Java\jdk-17.0.12\bin;C:\WINDOWS\SYSTEM32;C:\WINDOWS\WinSxS\amd64_microsoft.windows.common-controls_6595b64144ccf1df_6.0.26100.8037_none_3e092faae333b53b;C:\Program Files\Java\jdk-17.0.12\bin\server;C:\Users\PC\.gradle\native\c067742578af261105cb4f569cf0c3c89f3d7b1fecec35dd04571415982c5e48\windows-amd64;C:\Users\PC\.gradle\native\38dada09dfb8b06ba9b0570ebf7e218e3eb74d4ef43ca46872605cf95ebc2f47\windows-amd64

VM Arguments:
jvm_args: --add-opens=java.base/java.util=ALL-UNNAMED --add-opens=java.base/java.lang=ALL-UNNAMED --add-opens=java.base/java.lang.invoke=ALL-UNNAMED --add-opens=java.prefs/java.util.prefs=ALL-UNNAMED --add-opens=java.base/java.nio.charset=ALL-UNNAMED --add-opens=java.base/java.net=ALL-UNNAMED --add-opens=java.base/java.util.concurrent.atomic=ALL-UNNAMED -Xms512m -Xmx4096m -Dfile.encoding=UTF-8 -Duser.country=US -Duser.language=en -Duser.variant -javaagent:C:\Users\PC\.gradle\wrapper\dists\gradle-8.7-bin\bhs2wmbdwecv87pi65oeuq5iu\gradle-8.7\lib\agents\gradle-instrumentation-agent-8.7.jar 
java_command: org.gradle.launcher.daemon.bootstrap.GradleDaemon 8.7
java_class_path (initial): C:\Users\PC\.gradle\wrapper\dists\gradle-8.7-bin\bhs2wmbdwecv87pi65oeuq5iu\gradle-8.7\lib\gradle-launcher-8.7.jar
Launcher Type: SUN_STANDARD

[Global flags]
     intx CICompilerCount                          = 4                                         {product} {ergonomic}
     uint ConcGCThreads                            = 2                                         {product} {ergonomic}
     uint G1ConcRefinementThreads                  = 8                                         {product} {ergonomic}
   size_t G1HeapRegionSize                         = 2097152                                   {product} {ergonomic}
    uintx GCDrainStackTargetSize                   = 64                                        {product} {ergonomic}
   size_t InitialHeapSize                          = 536870912                                 {product} {command line}
   size_t MarkStackSize                            = 4194304                                   {product} {ergonomic}
   size_t MaxHeapSize                              = 4294967296                                {product} {command line}
   size_t MaxNewSize                               = 2575302656                                {product} {ergonomic}
   size_t MinHeapDeltaBytes                        = 2097152                                   {product} {ergonomic}
   size_t MinHeapSize                              = 536870912                                 {product} {command line}
    uintx NonNMethodCodeHeapSize                   = 5839372                                {pd product} {ergonomic}
    uintx NonProfiledCodeHeapSize                  = 122909434                              {pd product} {ergonomic}
    uintx ProfiledCodeHeapSize                     = 122909434                              {pd product} {ergonomic}
    uintx ReservedCodeCacheSize                    = 251658240                              {pd product} {ergonomic}
     bool SegmentedCodeCache                       = true                                      {product} {ergonomic}
   size_t SoftMaxHeapSize                          = 4294967296                             {manageable} {ergonomic}
     bool UseCompressedClassPointers               = true                           {product lp64_product} {ergonomic}
     bool UseCompressedOops                        = true                           {product lp64_product} {ergonomic}
     bool UseG1GC                                  = true                                      {product} {ergonomic}
     bool UseLargePagesIndividualAllocation        = false                                  {pd product} {ergonomic}

Logging:
Log output configuration:
 #0: stdout all=warning uptime,level,tags
 #1: stderr all=off uptime,level,tags

Environment Variables:
PATH=C:\Python314\Scripts\;C:\Python314\;C:\Program Files\Common Files\Oracle\Java\javapath;C:\WINDOWS\system32;C:\WINDOWS;C:\WINDOWS\System32\Wbem;C:\WINDOWS\System32\WindowsPowerShell\v1.0\;C:\WINDOWS\System32\OpenSSH\;C:\Program Files\MongoDB\Tools\100\bin;C:\Program Files\Git\cmd;C:\Users\PC\Downloads\apache-maven-3.9.11\bin;C:\Program Files\gradle-8.12-all\gradle-8.12\bin;C:\Program Files\nodejs\;C:\ProgramData\chocolatey\bin;C:\Program Files\Java\jdk-17.0.12\bin;C:\Program Files\MySQL\MySQL Shell 8.0\bin\;C:\Users\PC\AppData\Local\Microsoft\WindowsApps;C:\Program Files\JetBrains\IntelliJ IDEA Community Edition 2024.3.3\bin;;C:\Users\PC\AppData\Local\Programs\Microsoft VS Code\bin;C:\Users\PC\AppData\Local\Python\bin;C:\Program Files\MongoDB\Server\4.4\bin;C:\Users\PC\AppData\Roaming\npm;C:\Program Files\JetBrains\IntelliJ IDEA 2025.2.5\bin;D:\Windsurf\bin;C:\Users\PC\.local\bin;
USERNAME=PC
OS=Windows_NT
PROCESSOR_IDENTIFIER=Intel64 Family 6 Model 142 Stepping 12, GenuineIntel



---------------  S Y S T E M  ---------------

OS:
 Windows 11 , 64 bit Build 26100 (10.0.26100.7920)
OS uptime: 14 days 2:48 hours

CPU: total 8 (initial active 8) (4 cores per cpu, 2 threads per core) family 6 model 142 stepping 12 microcode 0xf8, cx8, cmov, fxsr, ht, mmx, 3dnowpref, sse, sse2, sse3, ssse3, sse4.1, sse4.2, popcnt, lzcnt, tsc, tscinvbit, avx, avx2, aes, erms, clmul, bmi1, bmi2, adx, fma, vzeroupper, clflush, clflushopt

Memory: 4k page, system-wide physical 16194M (607M free)
TotalPageFile size 27203M (AvailPageFile size 7M)
current process WorkingSet (physical memory assigned to process): 524M, peak: 524M
current process commit charge ("private bytes"): 777M, peak: 778M

vm_info: Java HotSpot(TM) 64-Bit Server VM (17.0.12+8-LTS-286) for windows-amd64 JRE (17.0.12+8-LTS-286), built on Jun  5 2024 06:46:59 by "mach5one" with MS VC++ 17.6 (VS2022)

END.
